--progress is a global compose flag, better use `docker compose --progress xx build ...
 Image geopolitical-intelligence-backend Building 
 Image geopolitical-intelligence-frontend Building 
#1 [internal] load local bake definitions
#1 reading from stdin 1.15kB done
#1 DONE 0.0s

#2 [backend internal] load build definition from Dockerfile
#2 transferring dockerfile: 1.05kB 0.0s done
#2 DONE 0.0s

#3 [frontend internal] load build definition from Dockerfile
#3 transferring dockerfile: 680B 0.0s done
#3 DONE 0.1s

#4 [frontend internal] load metadata for docker.io/library/nginx:alpine
#4 ...

#5 [frontend internal] load metadata for docker.io/library/node:20-alpine
#5 DONE 3.4s

#6 [backend internal] load metadata for docker.io/library/python:3.12-slim
#6 DONE 7.5s

#4 [frontend internal] load metadata for docker.io/library/nginx:alpine
#4 ...

#7 [backend internal] load .dockerignore
#7 transferring context: 134B done
#7 DONE 0.0s

#8 [backend internal] load build context
#8 DONE 0.0s

#9 [backend 1/8] FROM docker.io/library/python:3.12-slim@sha256:3d5ed973e45820f5ba5e46bd065bd88b3a504ff0724d85980dcd05eab361fcf4
#9 resolve docker.io/library/python:3.12-slim@sha256:3d5ed973e45820f5ba5e46bd065bd88b3a504ff0724d85980dcd05eab361fcf4 0.1s done
#9 ...

#8 [backend internal] load build context
#8 transferring context: 24.89kB 0.0s done
#8 DONE 0.1s

#9 [backend 1/8] FROM docker.io/library/python:3.12-slim@sha256:3d5ed973e45820f5ba5e46bd065bd88b3a504ff0724d85980dcd05eab361fcf4
#9 sha256:ec781dee3f4719c2ca0dd9e73cb1d4ed834ed1a406495eb6e44b6dfaad5d1f8f 15.73MB / 29.78MB 0.2s
#9 ...

#4 [frontend internal] load metadata for docker.io/library/nginx:alpine
#4 DONE 8.1s

#10 [frontend internal] load .dockerignore
#10 transferring context: 91B done
#10 DONE 0.0s

#11 [frontend internal] load build context
#11 transferring context: 4.89kB 0.0s done
#11 DONE 0.0s

#12 [frontend build 1/6] FROM docker.io/library/node:20-alpine@sha256:f598378b5240225e6beab68fa9f356db1fb8efe55173e6d4d8153113bb8f333c
#12 resolve docker.io/library/node:20-alpine@sha256:f598378b5240225e6beab68fa9f356db1fb8efe55173e6d4d8153113bb8f333c 0.1s done
#12 ...

#13 [frontend stage-1 1/3] FROM docker.io/library/nginx:alpine@sha256:e7257f1ef28ba17cf7c248cb8ccf6f0c6e0228ab9c315c152f9c203cd34cf6d1
#13 resolve docker.io/library/nginx:alpine@sha256:e7257f1ef28ba17cf7c248cb8ccf6f0c6e0228ab9c315c152f9c203cd34cf6d1 0.1s done
#13 CACHED

#12 [frontend build 1/6] FROM docker.io/library/node:20-alpine@sha256:f598378b5240225e6beab68fa9f356db1fb8efe55173e6d4d8153113bb8f333c
#12 sha256:d7f6aca05b78f475975eeac3898b7ef0a618937174c469650e05e81cbf8c5f46 18.87MB / 43.23MB 0.2s
#12 sha256:d7f6aca05b78f475975eeac3898b7ef0a618937174c469650e05e81cbf8c5f46 19.92MB / 43.23MB 5.3s
#12 ...

#9 [backend 1/8] FROM docker.io/library/python:3.12-slim@sha256:3d5ed973e45820f5ba5e46bd065bd88b3a504ff0724d85980dcd05eab361fcf4
#9 sha256:ec781dee3f4719c2ca0dd9e73cb1d4ed834ed1a406495eb6e44b6dfaad5d1f8f 16.78MB / 29.78MB 9.5s
#9 ...

#12 [frontend build 1/6] FROM docker.io/library/node:20-alpine@sha256:f598378b5240225e6beab68fa9f356db1fb8efe55173e6d4d8153113bb8f333c
#12 sha256:d7f6aca05b78f475975eeac3898b7ef0a618937174c469650e05e81cbf8c5f46 22.02MB / 43.23MB 10.3s
#12 sha256:d7f6aca05b78f475975eeac3898b7ef0a618937174c469650e05e81cbf8c5f46 24.12MB / 43.23MB 15.4s
#12 ...

#9 [backend 1/8] FROM docker.io/library/python:3.12-slim@sha256:3d5ed973e45820f5ba5e46bd065bd88b3a504ff0724d85980dcd05eab361fcf4
#9 sha256:ec781dee3f4719c2ca0dd9e73cb1d4ed834ed1a406495eb6e44b6dfaad5d1f8f 17.83MB / 29.78MB 20.2s
#9 ...

#12 [frontend build 1/6] FROM docker.io/library/node:20-alpine@sha256:f598378b5240225e6beab68fa9f356db1fb8efe55173e6d4d8153113bb8f333c
#12 sha256:d7f6aca05b78f475975eeac3898b7ef0a618937174c469650e05e81cbf8c5f46 25.17MB / 43.23MB 20.5s
#12 sha256:d7f6aca05b78f475975eeac3898b7ef0a618937174c469650e05e81cbf8c5f46 27.26MB / 43.23MB 25.6s
#12 ...

#9 [backend 1/8] FROM docker.io/library/python:3.12-slim@sha256:3d5ed973e45820f5ba5e46bd065bd88b3a504ff0724d85980dcd05eab361fcf4
#9 sha256:ec781dee3f4719c2ca0dd9e73cb1d4ed834ed1a406495eb6e44b6dfaad5d1f8f 19.92MB / 29.78MB 30.8s
#9 ...

#12 [frontend build 1/6] FROM docker.io/library/node:20-alpine@sha256:f598378b5240225e6beab68fa9f356db1fb8efe55173e6d4d8153113bb8f333c
#12 sha256:d7f6aca05b78f475975eeac3898b7ef0a618937174c469650e05e81cbf8c5f46 28.31MB / 43.23MB 30.7s
#12 sha256:d7f6aca05b78f475975eeac3898b7ef0a618937174c469650e05e81cbf8c5f46 29.36MB / 43.23MB 35.8s
#12 ...

#9 [backend 1/8] FROM docker.io/library/python:3.12-slim@sha256:3d5ed973e45820f5ba5e46bd065bd88b3a504ff0724d85980dcd05eab361fcf4
#9 sha256:ec781dee3f4719c2ca0dd9e73cb1d4ed834ed1a406495eb6e44b6dfaad5d1f8f 20.97MB / 29.78MB 40.9s
#9 ...

#12 [frontend build 1/6] FROM docker.io/library/node:20-alpine@sha256:f598378b5240225e6beab68fa9f356db1fb8efe55173e6d4d8153113bb8f333c
#12 sha256:d7f6aca05b78f475975eeac3898b7ef0a618937174c469650e05e81cbf8c5f46 30.41MB / 43.23MB 40.9s
#12 sha256:d7f6aca05b78f475975eeac3898b7ef0a618937174c469650e05e81cbf8c5f46 31.46MB / 43.23MB 46.0s
#12 ...

#9 [backend 1/8] FROM docker.io/library/python:3.12-slim@sha256:3d5ed973e45820f5ba5e46bd065bd88b3a504ff0724d85980dcd05eab361fcf4
#9 sha256:ec781dee3f4719c2ca0dd9e73cb1d4ed834ed1a406495eb6e44b6dfaad5d1f8f 23.07MB / 29.78MB 49.9s
#9 ...

#12 [frontend build 1/6] FROM docker.io/library/node:20-alpine@sha256:f598378b5240225e6beab68fa9f356db1fb8efe55173e6d4d8153113bb8f333c
#12 sha256:d7f6aca05b78f475975eeac3898b7ef0a618937174c469650e05e81cbf8c5f46 33.55MB / 43.23MB 51.1s
#12 sha256:d7f6aca05b78f475975eeac3898b7ef0a618937174c469650e05e81cbf8c5f46 34.60MB / 43.23MB 56.2s
#12 ...

#9 [backend 1/8] FROM docker.io/library/python:3.12-slim@sha256:3d5ed973e45820f5ba5e46bd065bd88b3a504ff0724d85980dcd05eab361fcf4
#9 sha256:ec781dee3f4719c2ca0dd9e73cb1d4ed834ed1a406495eb6e44b6dfaad5d1f8f 25.17MB / 29.78MB 60.5s
#9 ...

#12 [frontend build 1/6] FROM docker.io/library/node:20-alpine@sha256:f598378b5240225e6beab68fa9f356db1fb8efe55173e6d4d8153113bb8f333c
#12 sha256:d7f6aca05b78f475975eeac3898b7ef0a618937174c469650e05e81cbf8c5f46 35.65MB / 43.23MB 61.3s
#12 sha256:d7f6aca05b78f475975eeac3898b7ef0a618937174c469650e05e81cbf8c5f46 37.75MB / 43.23MB 66.4s
#12 ...

#9 [backend 1/8] FROM docker.io/library/python:3.12-slim@sha256:3d5ed973e45820f5ba5e46bd065bd88b3a504ff0724d85980dcd05eab361fcf4
#9 sha256:ec781dee3f4719c2ca0dd9e73cb1d4ed834ed1a406495eb6e44b6dfaad5d1f8f 27.26MB / 29.78MB 70.4s
#9 ...

#12 [frontend build 1/6] FROM docker.io/library/node:20-alpine@sha256:f598378b5240225e6beab68fa9f356db1fb8efe55173e6d4d8153113bb8f333c
#12 sha256:d7f6aca05b78f475975eeac3898b7ef0a618937174c469650e05e81cbf8c5f46 39.85MB / 43.23MB 71.5s
#12 ...

#9 [backend 1/8] FROM docker.io/library/python:3.12-slim@sha256:3d5ed973e45820f5ba5e46bd065bd88b3a504ff0724d85980dcd05eab361fcf4
#9 sha256:ec781dee3f4719c2ca0dd9e73cb1d4ed834ed1a406495eb6e44b6dfaad5d1f8f 29.78MB / 29.78MB 75.6s done
#9 extracting sha256:ec781dee3f4719c2ca0dd9e73cb1d4ed834ed1a406495eb6e44b6dfaad5d1f8f 0.9s done
#9 DONE 76.6s

#9 [backend 1/8] FROM docker.io/library/python:3.12-slim@sha256:3d5ed973e45820f5ba5e46bd065bd88b3a504ff0724d85980dcd05eab361fcf4
#9 extracting sha256:b1a20e2fae4cdafe596f3275baf250182347549a39d648abbad68a25f2e151fd 0.1s done
#9 DONE 76.7s

#12 [frontend build 1/6] FROM docker.io/library/node:20-alpine@sha256:f598378b5240225e6beab68fa9f356db1fb8efe55173e6d4d8153113bb8f333c
#12 ...

#9 [backend 1/8] FROM docker.io/library/python:3.12-slim@sha256:3d5ed973e45820f5ba5e46bd065bd88b3a504ff0724d85980dcd05eab361fcf4
#9 extracting sha256:a6d1911b36ac5b384a54e9197335acdf0ebb0a06910b25b67b9afd054cdc2eb7 0.5s done
#9 DONE 77.2s

#9 [backend 1/8] FROM docker.io/library/python:3.12-slim@sha256:3d5ed973e45820f5ba5e46bd065bd88b3a504ff0724d85980dcd05eab361fcf4
#9 extracting sha256:e3c59d77c03efd793b736fb93c9b3c578eb84a62458c148b6974323225d030c2 0.0s done
#9 DONE 77.2s

#12 [frontend build 1/6] FROM docker.io/library/node:20-alpine@sha256:f598378b5240225e6beab68fa9f356db1fb8efe55173e6d4d8153113bb8f333c
#12 sha256:d7f6aca05b78f475975eeac3898b7ef0a618937174c469650e05e81cbf8c5f46 41.94MB / 43.23MB 76.6s
#12 ...

#14 [backend 2/8] WORKDIR /app
#14 DONE 0.4s

#12 [frontend build 1/6] FROM docker.io/library/node:20-alpine@sha256:f598378b5240225e6beab68fa9f356db1fb8efe55173e6d4d8153113bb8f333c
#12 sha256:d7f6aca05b78f475975eeac3898b7ef0a618937174c469650e05e81cbf8c5f46 43.23MB / 43.23MB 77.7s done
#12 extracting sha256:d7f6aca05b78f475975eeac3898b7ef0a618937174c469650e05e81cbf8c5f46
#12 extracting sha256:d7f6aca05b78f475975eeac3898b7ef0a618937174c469650e05e81cbf8c5f46 1.6s done
#12 DONE 79.5s

#15 [backend 3/8] RUN apt-get update && apt-get install -y --no-install-recommends     build-essential     libpq-dev     curl     ffmpeg     fonts-dejavu-core     && apt-get clean     && rm -rf /var/lib/apt/lists/*
#15 1.800 Hit:1 http://deb.debian.org/debian trixie InRelease
#15 1.800 Get:2 http://deb.debian.org/debian trixie-updates InRelease [47.3 kB]
#15 1.931 Get:3 http://deb.debian.org/debian-security trixie-security InRelease [43.4 kB]
#15 2.069 Get:4 http://deb.debian.org/debian trixie/main amd64 Packages [9671 kB]
#15 ...

#12 [frontend build 1/6] FROM docker.io/library/node:20-alpine@sha256:f598378b5240225e6beab68fa9f356db1fb8efe55173e6d4d8153113bb8f333c
#12 extracting sha256:62e0e1181d88da8ed0e2fda221e9446ad0f09a004a375193ad7a38e31ec4eab4 0.1s done
#12 extracting sha256:c7734204880fafbd6297ce1844e07c137d82ee814ac8b5fa6ac1a3659101d503 0.0s done
#12 DONE 79.6s

#16 [frontend build 2/6] WORKDIR /app
#16 DONE 0.2s

#15 [backend 3/8] RUN apt-get update && apt-get install -y --no-install-recommends     build-essential     libpq-dev     curl     ffmpeg     fonts-dejavu-core     && apt-get clean     && rm -rf /var/lib/apt/lists/*
#15 ...

#17 [frontend build 3/6] COPY package*.json ./
#17 DONE 0.2s

#18 [frontend build 4/6] RUN npm install
#18 36.76 
#18 36.76 added 502 packages, and audited 503 packages in 36s
#18 36.76 
#18 36.76 69 packages are looking for funding
#18 36.76   run `npm fund` for details
#18 36.78 
#18 36.78 9 vulnerabilities (4 moderate, 4 high, 1 critical)
#18 36.78 
#18 36.78 To address all issues, run:
#18 36.78   npm audit fix
#18 36.78 
#18 36.78 Run `npm audit` for details.
#18 36.78 npm notice
#18 36.78 npm notice New major version of npm available! 10.8.2 -> 11.12.1
#18 36.78 npm notice Changelog: https://github.com/npm/cli/releases/tag/v11.12.1
#18 36.78 npm notice To update run: npm install -g npm@11.12.1
#18 36.78 npm notice
#18 DONE 37.1s

#15 [backend 3/8] RUN apt-get update && apt-get install -y --no-install-recommends     build-essential     libpq-dev     curl     ffmpeg     fonts-dejavu-core     && apt-get clean     && rm -rf /var/lib/apt/lists/*
#15 ...

#19 [frontend build 5/6] COPY . .
#19 DONE 0.4s

#15 [backend 3/8] RUN apt-get update && apt-get install -y --no-install-recommends     build-essential     libpq-dev     curl     ffmpeg     fonts-dejavu-core     && apt-get clean     && rm -rf /var/lib/apt/lists/*
#15 ...

#20 [frontend build 6/6] RUN npx vite build
#20 1.397 vite v7.3.0 building client environment for production...
#20 2.135 transforming...
#20 10.74 ✓ 2447 modules transformed.
#20 11.53 rendering chunks...
#20 11.55 computing gzip size...
#20 11.58 dist/index.html                     0.44 kB │ gzip:   0.30 kB
#20 11.58 dist/assets/index-DXMcFAKH.css    106.15 kB │ gzip:  18.00 kB
#20 11.58 dist/assets/index-BTnYs0r5.js   1,112.37 kB │ gzip: 295.31 kB
#20 11.58 
#20 11.58 (!) Some chunks are larger than 500 kB after minification. Consider:
#20 11.58 - Using dynamic import() to code-split the application
#20 11.58 - Use build.rollupOptions.output.manualChunks to improve chunking: https://rollupjs.org/configuration-options/#output-manualchunks
#20 11.58 - Adjust chunk size limit for this warning via build.chunkSizeWarningLimit.
#20 11.58 ✓ built in 9.97s
#20 DONE 11.7s

#15 [backend 3/8] RUN apt-get update && apt-get install -y --no-install-recommends     build-essential     libpq-dev     curl     ffmpeg     fonts-dejavu-core     && apt-get clean     && rm -rf /var/lib/apt/lists/*
#15 ...

#21 [frontend stage-1 2/3] COPY --from=build /app/dist /usr/share/nginx/html
#21 DONE 0.1s

#22 [frontend stage-1 3/3] COPY nginx.conf /etc/nginx/conf.d/default.conf
#22 DONE 0.1s

#15 [backend 3/8] RUN apt-get update && apt-get install -y --no-install-recommends     build-essential     libpq-dev     curl     ffmpeg     fonts-dejavu-core     && apt-get clean     && rm -rf /var/lib/apt/lists/*
#15 ...

#23 [frontend] exporting to image
#23 exporting layers
#23 exporting layers 0.3s done
#23 exporting manifest sha256:824639b32e1bb247cb8cc81d45dcf061bc10ef30f42060e4c730a579a0f68153 0.0s done
#23 exporting config sha256:2354bf55264049ce6684d2dbd65092af72ca9f94906285effadbc4a1bd70190b 0.0s done
#23 exporting attestation manifest sha256:58f167920861ef082a52f96a8ccc5d4999f6bee9ff15d5350c7c2d7c03e8c2fe
#23 exporting attestation manifest sha256:58f167920861ef082a52f96a8ccc5d4999f6bee9ff15d5350c7c2d7c03e8c2fe 0.1s done
#23 exporting manifest list sha256:26c9238c20fca5bc183de484360cb668838318feeb5dcfde8b972383e552d847 0.0s done
#23 naming to docker.io/library/geopolitical-intelligence-frontend:latest done
#23 unpacking to docker.io/library/geopolitical-intelligence-frontend:latest 0.1s done
#23 DONE 0.7s

#15 [backend 3/8] RUN apt-get update && apt-get install -y --no-install-recommends     build-essential     libpq-dev     curl     ffmpeg     fonts-dejavu-core     && apt-get clean     && rm -rf /var/lib/apt/lists/*
#15 ...

#24 [frontend] resolving provenance for metadata file
#24 DONE 0.1s

#15 [backend 3/8] RUN apt-get update && apt-get install -y --no-install-recommends     build-essential     libpq-dev     curl     ffmpeg     fonts-dejavu-core     && apt-get clean     && rm -rf /var/lib/apt/lists/*
#15 63.84 Get:5 http://deb.debian.org/debian trixie-updates/main amd64 Packages [5412 B]
#15 63.90 Get:6 http://deb.debian.org/debian-security trixie-security/main amd64 Packages [114 kB]
#15 64.62 Fetched 9881 kB in 1min 7s (147 kB/s)
#15 64.62 Reading package lists...
#15 65.30 Reading package lists...
#15 65.90 Building dependency tree...
#15 66.07 Reading state information...
#15 66.37 The following additional packages will be installed:
#15 66.37   binutils binutils-common binutils-x86-64-linux-gnu bzip2 cpp cpp-14
#15 66.37   cpp-14-x86-64-linux-gnu cpp-x86-64-linux-gnu dpkg-dev fontconfig
#15 66.37   fontconfig-config fonts-dejavu-mono g++ g++-14 g++-14-x86-64-linux-gnu
#15 66.37   g++-x86-64-linux-gnu gcc gcc-14 gcc-14-x86-64-linux-gnu gcc-x86-64-linux-gnu
#15 66.37   libaom3 libasan8 libasound2-data libasound2t64 libass9 libasyncns0
#15 66.37   libatomic1 libavc1394-0 libavcodec61 libavdevice61 libavfilter10
#15 66.37   libavformat61 libavutil59 libbinutils libblas3 libbluray2 libbrotli1
#15 66.37   libbs2b0 libc-dev-bin libc6-dev libcaca0 libcairo-gobject2 libcairo2
#15 66.37   libcc1-0 libcdio-cdda2t64 libcdio-paranoia2t64 libcdio19t64 libchromaprint1
#15 66.37   libcjson1 libcodec2-1.2 libcom-err2 libcrypt-dev libctf-nobfd0 libctf0
#15 66.37   libcurl4t64 libdatrie1 libdav1d7 libdbus-1-3 libdc1394-25 libdecor-0-0
#15 66.37   libdeflate0 libdpkg-perl libdrm-amdgpu1 libdrm-common libdrm-intel1 libdrm2
#15 66.37   libdvdnav4 libdvdread8t64 libedit2 libelf1t64 libexpat1 libfftw3-double3
#15 66.37   libflac14 libflite1 libfontconfig1 libfreetype6 libfribidi0 libgbm1
#15 66.37   libgcc-14-dev libgdbm-compat4t64 libgdk-pixbuf-2.0-0 libgdk-pixbuf2.0-common
#15 66.37   libgfortran5 libgl1 libgl1-mesa-dri libglib2.0-0t64 libglvnd0 libglx-mesa0
#15 66.37   libglx0 libgme0 libgnutls30t64 libgomp1 libgprofng0 libgraphite2-3 libgsm1
#15 66.37   libgssapi-krb5-2 libharfbuzz0b libhwasan0 libhwy1t64 libidn2-0 libiec61883-0
#15 66.37   libisl23 libitm1 libjack-jackd2-0 libjansson4 libjbig0 libjpeg62-turbo
#15 66.37   libjxl0.11 libk5crypto3 libkeyutils1 libkrb5-3 libkrb5support0 liblapack3
#15 66.37   liblcms2-2 libldap2 liblerc4 liblilv-0-0 libllvm19 liblsan0 libmbedcrypto16
#15 66.37   libmp3lame0 libmpc3 libmpfr6 libmpg123-0t64 libmysofa1 libnghttp2-14
#15 66.37   libnghttp3-9 libnorm1t64 libnuma1 libogg0 libopenal-data libopenal1
#15 66.37   libopenjp2-7 libopenmpt0t64 libopus0 libp11-kit0 libpango-1.0-0
#15 66.37   libpangocairo-1.0-0 libpangoft2-1.0-0 libpciaccess0 libperl5.40
#15 66.37   libpgm-5.3-0t64 libpixman-1-0 libplacebo349 libpng16-16t64 libpocketsphinx3
#15 66.37   libpostproc58 libpq5 libpsl5t64 libpulse0 libquadmath0 librabbitmq4
#15 66.37   librav1e0.7 libraw1394-11 librist4 librsvg2-2 librtmp1 librubberband2
#15 66.37   libsamplerate0 libsasl2-2 libsasl2-modules-db libsdl2-2.0-0
#15 66.37   libsensors-config libsensors5 libserd-0-0 libsframe1 libsharpyuv0 libshine3
#15 66.37   libslang2 libsnappy1v5 libsndfile1 libsodium23 libsord-0-0 libsoxr0
#15 66.37   libspeex1 libsphinxbase3t64 libsratom-0-0 libsrt1.5-gnutls libssh-4
#15 66.37   libssh2-1t64 libssl-dev libstdc++-14-dev libsvtav1enc2 libswresample5
#15 66.37   libswscale8 libtasn1-6 libthai-data libthai0 libtheoradec1 libtheoraenc1
#15 66.37   libtiff6 libtsan2 libtwolame0 libubsan1 libudfread0 libunibreak6
#15 66.37   libunistring5 libusb-1.0-0 libva-drm2 libva-x11-2 libva2 libvdpau1
#15 66.37   libvidstab1.1 libvorbis0a libvorbisenc2 libvorbisfile3 libvpl2 libvpx9
#15 66.37   libvulkan1 libwayland-client0 libwayland-cursor0 libwayland-egl1
#15 66.37   libwayland-server0 libwebp7 libwebpmux3 libx11-6 libx11-data libx11-xcb1
#15 66.37   libx264-164 libx265-215 libxau6 libxcb-dri3-0 libxcb-glx0 libxcb-present0
#15 66.37   libxcb-randr0 libxcb-render0 libxcb-shape0 libxcb-shm0 libxcb-sync1
#15 66.37   libxcb-xfixes0 libxcb1 libxcursor1 libxdmcp6 libxext6 libxfixes3 libxi6
#15 66.37   libxkbcommon0 libxml2 libxrandr2 libxrender1 libxshmfence1 libxss1 libxv1
#15 66.37   libxvidcore4 libxxf86vm1 libz3-4 libzimg2 libzix-0-0 libzmq5 libzvbi-common
#15 66.37   libzvbi0t64 linux-libc-dev make mesa-libgallium ocl-icd-libopencl1 patch
#15 66.38   perl perl-modules-5.40 rpcsvc-proto shared-mime-info x11-common xkb-data
#15 66.38   xz-utils
#15 66.38 Suggested packages:
#15 66.38   binutils-doc gprofng-gui binutils-gold bzip2-doc cpp-doc gcc-14-locales
#15 66.38   cpp-14-doc debian-keyring debian-tag2upload-keyring ffmpeg-doc g++-multilib
#15 66.38   g++-14-multilib gcc-14-doc gcc-multilib manpages-dev autoconf automake
#15 66.38   libtool flex bison gdb gcc-doc gcc-14-multilib gdb-x86-64-linux-gnu
#15 66.38   alsa-utils libasound2-plugins libcuda1 libnvcuvid1 libnvidia-encode1
#15 66.38   libbluray-bdj libc-devtools glibc-doc sq | sqop | rsop | gosop
#15 66.38   | pgpainless-cli | gpg-sq | gnupg sensible-utils git bzr libdvdcss2
#15 66.38   libfftw3-bin libfftw3-dev low-memory-monitor gnutls-bin krb5-doc krb5-user
#15 66.38   jackd2 liblcms2-utils libportaudio2 libsndio7.0 opus-tools pciutils
#15 66.38   postgresql-doc-17 pulseaudio libraw1394-doc librsvg2-bin xdg-utils
#15 66.38   lm-sensors serdi sordi speex libssl-doc libstdc++-14-doc make-doc opencl-icd
#15 66.38   ed diffutils-doc perl-doc libterm-readline-gnu-perl
#15 66.38   | libterm-readline-perl-perl libtap-harness-archive-perl
#15 66.38 Recommended packages:
#15 66.38   bash-completion fakeroot sq | sqop | rsop | gosop | pgpainless-cli | gpg-sq
#15 66.38   | gnupg libalgorithm-merge-perl alsa-ucm-conf alsa-topology-conf libaacs0
#15 66.38   manpages manpages-dev dbus default-libdecor-0-plugin-1 | libdecor-0-plugin-1
#15 66.38   libfile-fcntllock-perl liblocale-gettext-perl libgdk-pixbuf2.0-bin
#15 66.38   libglib2.0-data xdg-user-dirs krb5-locales libldap-common pocketsphinx-en-us
#15 66.38   publicsuffix librsvg2-common libsasl2-modules va-driver-all | va-driver
#15 66.38   vdpau-driver-all | vdpau-driver mesa-vulkan-drivers | vulkan-icd
#15 67.66 The following NEW packages will be installed:
#15 67.66   binutils binutils-common binutils-x86-64-linux-gnu build-essential bzip2 cpp
#15 67.66   cpp-14 cpp-14-x86-64-linux-gnu cpp-x86-64-linux-gnu curl dpkg-dev ffmpeg
#15 67.66   fontconfig fontconfig-config fonts-dejavu-core fonts-dejavu-mono g++ g++-14
#15 67.66   g++-14-x86-64-linux-gnu g++-x86-64-linux-gnu gcc gcc-14
#15 67.66   gcc-14-x86-64-linux-gnu gcc-x86-64-linux-gnu libaom3 libasan8
#15 67.66   libasound2-data libasound2t64 libass9 libasyncns0 libatomic1 libavc1394-0
#15 67.66   libavcodec61 libavdevice61 libavfilter10 libavformat61 libavutil59
#15 67.66   libbinutils libblas3 libbluray2 libbrotli1 libbs2b0 libc-dev-bin libc6-dev
#15 67.66   libcaca0 libcairo-gobject2 libcairo2 libcc1-0 libcdio-cdda2t64
#15 67.66   libcdio-paranoia2t64 libcdio19t64 libchromaprint1 libcjson1 libcodec2-1.2
#15 67.66   libcom-err2 libcrypt-dev libctf-nobfd0 libctf0 libcurl4t64 libdatrie1
#15 67.66   libdav1d7 libdbus-1-3 libdc1394-25 libdecor-0-0 libdeflate0 libdpkg-perl
#15 67.66   libdrm-amdgpu1 libdrm-common libdrm-intel1 libdrm2 libdvdnav4 libdvdread8t64
#15 67.66   libedit2 libelf1t64 libexpat1 libfftw3-double3 libflac14 libflite1
#15 67.66   libfontconfig1 libfreetype6 libfribidi0 libgbm1 libgcc-14-dev
#15 67.66   libgdbm-compat4t64 libgdk-pixbuf-2.0-0 libgdk-pixbuf2.0-common libgfortran5
#15 67.66   libgl1 libgl1-mesa-dri libglib2.0-0t64 libglvnd0 libglx-mesa0 libglx0
#15 67.66   libgme0 libgnutls30t64 libgomp1 libgprofng0 libgraphite2-3 libgsm1
#15 67.66   libgssapi-krb5-2 libharfbuzz0b libhwasan0 libhwy1t64 libidn2-0 libiec61883-0
#15 67.66   libisl23 libitm1 libjack-jackd2-0 libjansson4 libjbig0 libjpeg62-turbo
#15 67.66   libjxl0.11 libk5crypto3 libkeyutils1 libkrb5-3 libkrb5support0 liblapack3
#15 67.66   liblcms2-2 libldap2 liblerc4 liblilv-0-0 libllvm19 liblsan0 libmbedcrypto16
#15 67.66   libmp3lame0 libmpc3 libmpfr6 libmpg123-0t64 libmysofa1 libnghttp2-14
#15 67.66   libnghttp3-9 libnorm1t64 libnuma1 libogg0 libopenal-data libopenal1
#15 67.66   libopenjp2-7 libopenmpt0t64 libopus0 libp11-kit0 libpango-1.0-0
#15 67.66   libpangocairo-1.0-0 libpangoft2-1.0-0 libpciaccess0 libperl5.40
#15 67.66   libpgm-5.3-0t64 libpixman-1-0 libplacebo349 libpng16-16t64 libpocketsphinx3
#15 67.66   libpostproc58 libpq-dev libpq5 libpsl5t64 libpulse0 libquadmath0
#15 67.66   librabbitmq4 librav1e0.7 libraw1394-11 librist4 librsvg2-2 librtmp1
#15 67.67   librubberband2 libsamplerate0 libsasl2-2 libsasl2-modules-db libsdl2-2.0-0
#15 67.67   libsensors-config libsensors5 libserd-0-0 libsframe1 libsharpyuv0 libshine3
#15 67.67   libslang2 libsnappy1v5 libsndfile1 libsodium23 libsord-0-0 libsoxr0
#15 67.67   libspeex1 libsphinxbase3t64 libsratom-0-0 libsrt1.5-gnutls libssh-4
#15 67.67   libssh2-1t64 libssl-dev libstdc++-14-dev libsvtav1enc2 libswresample5
#15 67.67   libswscale8 libtasn1-6 libthai-data libthai0 libtheoradec1 libtheoraenc1
#15 67.67   libtiff6 libtsan2 libtwolame0 libubsan1 libudfread0 libunibreak6
#15 67.67   libunistring5 libusb-1.0-0 libva-drm2 libva-x11-2 libva2 libvdpau1
#15 67.67   libvidstab1.1 libvorbis0a libvorbisenc2 libvorbisfile3 libvpl2 libvpx9
#15 67.67   libvulkan1 libwayland-client0 libwayland-cursor0 libwayland-egl1
#15 67.67   libwayland-server0 libwebp7 libwebpmux3 libx11-6 libx11-data libx11-xcb1
#15 67.67   libx264-164 libx265-215 libxau6 libxcb-dri3-0 libxcb-glx0 libxcb-present0
#15 67.67   libxcb-randr0 libxcb-render0 libxcb-shape0 libxcb-shm0 libxcb-sync1
#15 67.67   libxcb-xfixes0 libxcb1 libxcursor1 libxdmcp6 libxext6 libxfixes3 libxi6
#15 67.67   libxkbcommon0 libxml2 libxrandr2 libxrender1 libxshmfence1 libxss1 libxv1
#15 67.67   libxvidcore4 libxxf86vm1 libz3-4 libzimg2 libzix-0-0 libzmq5 libzvbi-common
#15 67.67   libzvbi0t64 linux-libc-dev make mesa-libgallium ocl-icd-libopencl1 patch
#15 67.67   perl perl-modules-5.40 rpcsvc-proto shared-mime-info x11-common xkb-data
#15 67.67   xz-utils
#15 67.77 0 upgraded, 268 newly installed, 0 to remove and 0 not upgraded.
#15 67.77 Need to get 220 MB of archives.
#15 67.77 After this operation, 823 MB of additional disk space will be used.
#15 67.77 Get:1 http://deb.debian.org/debian trixie/main amd64 libexpat1 amd64 2.7.1-2 [108 kB]
#15 67.85 Get:2 http://deb.debian.org/debian trixie/main amd64 bzip2 amd64 1.0.8-6 [40.5 kB]
#15 67.90 Get:3 http://deb.debian.org/debian trixie/main amd64 perl-modules-5.40 all 5.40.1-6 [3019 kB]
#15 73.41 Get:4 http://deb.debian.org/debian trixie/main amd64 libgdbm-compat4t64 amd64 1.24-2 [50.3 kB]
#15 73.43 Get:5 http://deb.debian.org/debian trixie/main amd64 libperl5.40 amd64 5.40.1-6 [4341 kB]
#15 79.86 Get:6 http://deb.debian.org/debian trixie/main amd64 perl amd64 5.40.1-6 [267 kB]
#15 82.01 Get:7 http://deb.debian.org/debian trixie/main amd64 xz-utils amd64 5.8.1-1 [660 kB]
#15 85.51 Get:8 http://deb.debian.org/debian trixie/main amd64 libsframe1 amd64 2.44-3 [78.4 kB]
#15 86.58 Get:9 http://deb.debian.org/debian trixie/main amd64 binutils-common amd64 2.44-3 [2509 kB]
#15 100.3 Get:10 http://deb.debian.org/debian trixie/main amd64 libbinutils amd64 2.44-3 [534 kB]
#15 103.6 Get:11 http://deb.debian.org/debian trixie/main amd64 libgprofng0 amd64 2.44-3 [808 kB]
#15 108.1 Get:12 http://deb.debian.org/debian trixie/main amd64 libctf-nobfd0 amd64 2.44-3 [156 kB]
#15 109.8 Get:13 http://deb.debian.org/debian trixie/main amd64 libctf0 amd64 2.44-3 [88.6 kB]
#15 110.5 Get:14 http://deb.debian.org/debian trixie/main amd64 libjansson4 amd64 2.14-2+b3 [39.8 kB]
#15 110.6 Get:15 http://deb.debian.org/debian trixie/main amd64 binutils-x86-64-linux-gnu amd64 2.44-3 [1014 kB]
#15 114.8 Get:16 http://deb.debian.org/debian trixie/main amd64 binutils amd64 2.44-3 [265 kB]
#15 115.9 Get:17 http://deb.debian.org/debian trixie/main amd64 libc-dev-bin amd64 2.41-12+deb13u2 [59.4 kB]
#15 116.4 Get:18 http://deb.debian.org/debian-security trixie-security/main amd64 linux-libc-dev all 6.12.74-2 [2746 kB]
#15 124.4 Get:19 http://deb.debian.org/debian trixie/main amd64 libcrypt-dev amd64 1:4.4.38-1 [119 kB]
#15 124.4 Get:20 http://deb.debian.org/debian trixie/main amd64 rpcsvc-proto amd64 1.4.3-1 [63.3 kB]
#15 124.5 Get:21 http://deb.debian.org/debian trixie/main amd64 libc6-dev amd64 2.41-12+deb13u2 [1996 kB]
#15 126.2 Get:22 http://deb.debian.org/debian trixie/main amd64 libisl23 amd64 0.27-1 [659 kB]
#15 126.4 Get:23 http://deb.debian.org/debian trixie/main amd64 libmpfr6 amd64 4.2.2-1 [729 kB]
#15 127.3 Get:24 http://deb.debian.org/debian trixie/main amd64 libmpc3 amd64 1.3.1-1+b3 [52.2 kB]
#15 127.3 Get:25 http://deb.debian.org/debian trixie/main amd64 cpp-14-x86-64-linux-gnu amd64 14.2.0-19 [11.0 MB]
#15 139.0 Get:26 http://deb.debian.org/debian trixie/main amd64 cpp-14 amd64 14.2.0-19 [1280 B]
#15 139.0 Get:27 http://deb.debian.org/debian trixie/main amd64 cpp-x86-64-linux-gnu amd64 4:14.2.0-1 [4840 B]
#15 139.0 Get:28 http://deb.debian.org/debian trixie/main amd64 cpp amd64 4:14.2.0-1 [1568 B]
#15 139.0 Get:29 http://deb.debian.org/debian trixie/main amd64 libcc1-0 amd64 14.2.0-19 [42.8 kB]
#15 139.0 Get:30 http://deb.debian.org/debian trixie/main amd64 libgomp1 amd64 14.2.0-19 [137 kB]
#15 139.1 Get:31 http://deb.debian.org/debian trixie/main amd64 libitm1 amd64 14.2.0-19 [26.0 kB]
#15 139.1 Get:32 http://deb.debian.org/debian trixie/main amd64 libatomic1 amd64 14.2.0-19 [9308 B]
#15 139.1 Get:33 http://deb.debian.org/debian trixie/main amd64 libasan8 amd64 14.2.0-19 [2725 kB]
#15 140.7 Get:34 http://deb.debian.org/debian trixie/main amd64 liblsan0 amd64 14.2.0-19 [1204 kB]
#15 144.9 Get:35 http://deb.debian.org/debian trixie/main amd64 libtsan2 amd64 14.2.0-19 [2460 kB]
#15 147.2 Get:36 http://deb.debian.org/debian trixie/main amd64 libubsan1 amd64 14.2.0-19 [1074 kB]
#15 150.8 Get:37 http://deb.debian.org/debian trixie/main amd64 libhwasan0 amd64 14.2.0-19 [1488 kB]
#15 156.7 Get:38 http://deb.debian.org/debian trixie/main amd64 libquadmath0 amd64 14.2.0-19 [145 kB]
#15 157.0 Get:39 http://deb.debian.org/debian trixie/main amd64 libgcc-14-dev amd64 14.2.0-19 [2672 kB]
#15 162.9 Get:40 http://deb.debian.org/debian trixie/main amd64 gcc-14-x86-64-linux-gnu amd64 14.2.0-19 [21.4 MB]
#15 187.1 Get:41 http://deb.debian.org/debian trixie/main amd64 gcc-14 amd64 14.2.0-19 [540 kB]
#15 187.7 Get:42 http://deb.debian.org/debian trixie/main amd64 gcc-x86-64-linux-gnu amd64 4:14.2.0-1 [1436 B]
#15 187.7 Get:43 http://deb.debian.org/debian trixie/main amd64 gcc amd64 4:14.2.0-1 [5136 B]
#15 187.7 Get:44 http://deb.debian.org/debian trixie/main amd64 libstdc++-14-dev amd64 14.2.0-19 [2376 kB]
#15 191.8 Get:45 http://deb.debian.org/debian trixie/main amd64 g++-14-x86-64-linux-gnu amd64 14.2.0-19 [12.1 MB]
#15 200.8 Get:46 http://deb.debian.org/debian trixie/main amd64 g++-14 amd64 14.2.0-19 [22.5 kB]
#15 200.8 Get:47 http://deb.debian.org/debian trixie/main amd64 g++-x86-64-linux-gnu amd64 4:14.2.0-1 [1200 B]
#15 200.8 Get:48 http://deb.debian.org/debian trixie/main amd64 g++ amd64 4:14.2.0-1 [1344 B]
#15 200.8 Get:49 http://deb.debian.org/debian trixie/main amd64 make amd64 4.4.1-2 [463 kB]
#15 200.9 Get:50 http://deb.debian.org/debian trixie/main amd64 libdpkg-perl all 1.22.22 [651 kB]
#15 201.2 Get:51 http://deb.debian.org/debian trixie/main amd64 patch amd64 2.8-2 [134 kB]
#15 201.2 Get:52 http://deb.debian.org/debian trixie/main amd64 dpkg-dev all 1.22.22 [1337 kB]
#15 202.6 Get:53 http://deb.debian.org/debian trixie/main amd64 build-essential amd64 12.12 [4624 B]
#15 202.6 Get:54 http://deb.debian.org/debian trixie/main amd64 libbrotli1 amd64 1.1.0-2+b7 [307 kB]
#15 202.7 Get:55 http://deb.debian.org/debian trixie/main amd64 libkrb5support0 amd64 1.21.3-5 [33.0 kB]
#15 202.8 Get:56 http://deb.debian.org/debian trixie/main amd64 libcom-err2 amd64 1.47.2-3+b10 [25.0 kB]
#15 202.8 Get:57 http://deb.debian.org/debian trixie/main amd64 libk5crypto3 amd64 1.21.3-5 [81.5 kB]
#15 202.9 Get:58 http://deb.debian.org/debian trixie/main amd64 libkeyutils1 amd64 1.6.3-6 [9456 B]
#15 202.9 Get:59 http://deb.debian.org/debian trixie/main amd64 libkrb5-3 amd64 1.21.3-5 [326 kB]
#15 203.3 Get:60 http://deb.debian.org/debian trixie/main amd64 libgssapi-krb5-2 amd64 1.21.3-5 [138 kB]
#15 203.4 Get:61 http://deb.debian.org/debian trixie/main amd64 libunistring5 amd64 1.3-2 [477 kB]
#15 203.9 Get:62 http://deb.debian.org/debian trixie/main amd64 libidn2-0 amd64 2.3.8-2 [109 kB]
#15 204.0 Get:63 http://deb.debian.org/debian trixie/main amd64 libsasl2-modules-db amd64 2.1.28+dfsg1-9 [19.8 kB]
#15 204.0 Get:64 http://deb.debian.org/debian trixie/main amd64 libsasl2-2 amd64 2.1.28+dfsg1-9 [57.5 kB]
#15 204.0 Get:65 http://deb.debian.org/debian trixie/main amd64 libldap2 amd64 2.6.10+dfsg-1 [194 kB]
#15 204.1 Get:66 http://deb.debian.org/debian trixie/main amd64 libnghttp2-14 amd64 1.64.0-1.1 [76.0 kB]
#15 204.1 Get:67 http://deb.debian.org/debian trixie/main amd64 libnghttp3-9 amd64 1.8.0-1 [67.7 kB]
#15 204.1 Get:68 http://deb.debian.org/debian trixie/main amd64 libpsl5t64 amd64 0.21.2-1.1+b1 [57.2 kB]
#15 204.2 Get:69 http://deb.debian.org/debian trixie/main amd64 libp11-kit0 amd64 0.25.5-3 [425 kB]
#15 204.4 Get:70 http://deb.debian.org/debian trixie/main amd64 libtasn1-6 amd64 4.20.0-2 [49.9 kB]
#15 204.4 Get:71 http://deb.debian.org/debian trixie/main amd64 libgnutls30t64 amd64 3.8.9-3+deb13u2 [1468 kB]
#15 209.7 Get:72 http://deb.debian.org/debian trixie/main amd64 librtmp1 amd64 2.4+20151223.gitfa8646d.1-2+b5 [58.8 kB]
#15 209.9 Get:73 http://deb.debian.org/debian trixie/main amd64 libssh2-1t64 amd64 1.11.1-1 [245 kB]
#15 210.7 Get:74 http://deb.debian.org/debian trixie/main amd64 libcurl4t64 amd64 8.14.1-2+deb13u2 [391 kB]
#15 210.9 Get:75 http://deb.debian.org/debian trixie/main amd64 curl amd64 8.14.1-2+deb13u2 [270 kB]
#15 211.0 Get:76 http://deb.debian.org/debian trixie/main amd64 libaom3 amd64 3.12.1-1 [1871 kB]
#15 211.7 Get:77 http://deb.debian.org/debian trixie/main amd64 libdrm-common all 2.4.124-2 [8288 B]
#15 211.7 Get:78 http://deb.debian.org/debian trixie/main amd64 libdrm2 amd64 2.4.124-2 [39.0 kB]
#15 211.7 Get:79 http://deb.debian.org/debian trixie/main amd64 libva2 amd64 2.22.0-3 [79.4 kB]
#15 211.8 Get:80 http://deb.debian.org/debian trixie/main amd64 libva-drm2 amd64 2.22.0-3 [18.3 kB]
#15 211.8 Get:81 http://deb.debian.org/debian trixie/main amd64 libxau6 amd64 1:1.0.11-1 [20.4 kB]
#15 211.8 Get:82 http://deb.debian.org/debian trixie/main amd64 libxdmcp6 amd64 1:1.1.5-1 [27.8 kB]
#15 211.8 Get:83 http://deb.debian.org/debian trixie/main amd64 libxcb1 amd64 1.17.0-2+b1 [144 kB]
#15 211.8 Get:84 http://deb.debian.org/debian trixie/main amd64 libx11-data all 2:1.8.12-1 [343 kB]
#15 212.0 Get:85 http://deb.debian.org/debian trixie/main amd64 libx11-6 amd64 2:1.8.12-1 [815 kB]
#15 212.3 Get:86 http://deb.debian.org/debian trixie/main amd64 libx11-xcb1 amd64 2:1.8.12-1 [247 kB]
#15 212.4 Get:87 http://deb.debian.org/debian trixie/main amd64 libxcb-dri3-0 amd64 1.17.0-2+b1 [107 kB]
#15 212.7 Get:88 http://deb.debian.org/debian trixie/main amd64 libxext6 amd64 2:1.3.4-1+b3 [50.4 kB]
#15 212.7 Get:89 http://deb.debian.org/debian trixie/main amd64 libxfixes3 amd64 1:6.0.0-2+b4 [20.2 kB]
#15 212.7 Get:90 http://deb.debian.org/debian trixie/main amd64 libva-x11-2 amd64 2.22.0-3 [23.1 kB]
#15 212.7 Get:91 http://deb.debian.org/debian trixie/main amd64 libvdpau1 amd64 1.5-3+b1 [27.2 kB]
#15 212.7 Get:92 http://deb.debian.org/debian trixie/main amd64 libvpl2 amd64 1:2.14.0-1+b1 [129 kB]
#15 212.8 Get:93 http://deb.debian.org/debian trixie/main amd64 ocl-icd-libopencl1 amd64 2.3.3-1 [42.9 kB]
#15 212.9 Get:94 http://deb.debian.org/debian trixie/main amd64 libavutil59 amd64 7:7.1.3-0+deb13u1 [417 kB]
#15 213.1 Get:95 http://deb.debian.org/debian trixie/main amd64 libpng16-16t64 amd64 1.6.48-1+deb13u3 [283 kB]
#15 213.3 Get:96 http://deb.debian.org/debian-security trixie-security/main amd64 libfreetype6 amd64 2.13.3+dfsg-1+deb13u1 [452 kB]
#15 213.5 Get:97 http://deb.debian.org/debian trixie/main amd64 fonts-dejavu-mono all 2.37-8 [489 kB]
#15 213.6 Get:98 http://deb.debian.org/debian trixie/main amd64 fonts-dejavu-core all 2.37-8 [840 kB]
#15 212.4 Get:99 http://deb.debian.org/debian trixie/main amd64 fontconfig-config amd64 2.15.0-2.3 [318 kB]
#15 212.6 Get:100 http://deb.debian.org/debian trixie/main amd64 libfontconfig1 amd64 2.15.0-2.3 [392 kB]
#15 212.8 Get:101 http://deb.debian.org/debian trixie/main amd64 libpixman-1-0 amd64 0.44.0-3 [248 kB]
#15 212.9 Get:102 http://deb.debian.org/debian trixie/main amd64 libxcb-render0 amd64 1.17.0-2+b1 [115 kB]
#15 213.0 Get:103 http://deb.debian.org/debian trixie/main amd64 libxcb-shm0 amd64 1.17.0-2+b1 [105 kB]
#15 213.0 Get:104 http://deb.debian.org/debian trixie/main amd64 libxrender1 amd64 1:0.9.12-1 [27.9 kB]
#15 213.1 Get:105 http://deb.debian.org/debian trixie/main amd64 libcairo2 amd64 1.18.4-1+b1 [538 kB]
#15 214.2 Get:106 http://deb.debian.org/debian trixie/main amd64 libcodec2-1.2 amd64 1.2.0-3 [8170 kB]
#15 229.3 Get:107 http://deb.debian.org/debian trixie/main amd64 libdav1d7 amd64 1.5.1-1 [559 kB]
#15 229.8 Get:108 http://deb.debian.org/debian trixie/main amd64 libglib2.0-0t64 amd64 2.84.4-3~deb13u2 [1518 kB]
#15 234.2 Get:109 http://deb.debian.org/debian trixie/main amd64 libgsm1 amd64 1.0.22-1+b2 [29.3 kB]
#15 234.2 Get:110 http://deb.debian.org/debian trixie/main amd64 libhwy1t64 amd64 1.2.0-2+b2 [676 kB]
#15 235.2 Get:111 http://deb.debian.org/debian trixie/main amd64 liblcms2-2 amd64 2.16-2 [160 kB]
#15 235.3 Get:112 http://deb.debian.org/debian trixie/main amd64 libjxl0.11 amd64 0.11.1-4 [1132 kB]
#15 237.5 Get:113 http://deb.debian.org/debian trixie/main amd64 libmp3lame0 amd64 3.100-6+b3 [363 kB]
#15 238.7 Get:114 http://deb.debian.org/debian trixie/main amd64 libopenjp2-7 amd64 2.5.3-2.1~deb13u1 [205 kB]
#15 239.0 Get:115 http://deb.debian.org/debian trixie/main amd64 libopus0 amd64 1.5.2-2 [2852 kB]
#15 241.7 Get:116 http://deb.debian.org/debian trixie/main amd64 librav1e0.7 amd64 0.7.1-9+b2 [946 kB]
#15 241.2 Get:117 http://deb.debian.org/debian trixie/main amd64 libcairo-gobject2 amd64 1.18.4-1+b1 [130 kB]
#15 241.2 Get:118 http://deb.debian.org/debian trixie/main amd64 libgdk-pixbuf2.0-common all 2.42.12+dfsg-4 [311 kB]
#15 241.3 Get:119 http://deb.debian.org/debian trixie/main amd64 libxml2 amd64 2.12.7+dfsg+really2.9.14-2.1+deb13u2 [698 kB]
#15 241.9 Get:120 http://deb.debian.org/debian trixie/main amd64 shared-mime-info amd64 2.4-5+b2 [760 kB]
#15 243.8 Get:121 http://deb.debian.org/debian trixie/main amd64 libjpeg62-turbo amd64 1:2.1.5-4 [168 kB]
#15 244.9 Get:122 http://deb.debian.org/debian trixie/main amd64 libdeflate0 amd64 1.23-2 [47.3 kB]
#15 245.1 Get:123 http://deb.debian.org/debian trixie/main amd64 libjbig0 amd64 2.1-6.1+b2 [32.1 kB]
#15 245.2 Get:124 http://deb.debian.org/debian trixie/main amd64 liblerc4 amd64 4.0.0+ds-5 [183 kB]
#15 245.7 Get:125 http://deb.debian.org/debian trixie/main amd64 libsharpyuv0 amd64 1.5.0-0.1 [116 kB]
#15 246.0 Get:126 http://deb.debian.org/debian trixie/main amd64 libwebp7 amd64 1.5.0-0.1 [318 kB]
#15 247.1 Get:127 http://deb.debian.org/debian trixie/main amd64 libtiff6 amd64 4.7.0-3+deb13u1 [346 kB]
#15 249.0 Get:128 http://deb.debian.org/debian trixie/main amd64 libgdk-pixbuf-2.0-0 amd64 2.42.12+dfsg-4 [141 kB]
#15 249.5 Get:129 http://deb.debian.org/debian trixie/main amd64 fontconfig amd64 2.15.0-2.3 [463 kB]
#15 250.5 Get:130 http://deb.debian.org/debian trixie/main amd64 libfribidi0 amd64 1.0.16-1 [26.5 kB]
#15 250.5 Get:131 http://deb.debian.org/debian trixie/main amd64 libgraphite2-3 amd64 1.3.14-2+b1 [75.4 kB]
#15 250.6 Get:132 http://deb.debian.org/debian trixie/main amd64 libharfbuzz0b amd64 10.2.0-1+b1 [479 kB]
#15 251.0 Get:133 http://deb.debian.org/debian trixie/main amd64 libthai-data all 0.1.29-2 [168 kB]
#15 251.1 Get:134 http://deb.debian.org/debian trixie/main amd64 libdatrie1 amd64 0.2.13-3+b1 [38.1 kB]
#15 251.2 Get:135 http://deb.debian.org/debian trixie/main amd64 libthai0 amd64 0.1.29-2+b1 [49.4 kB]
#15 251.2 Get:136 http://deb.debian.org/debian trixie/main amd64 libpango-1.0-0 amd64 1.56.3-1 [226 kB]
#15 251.3 Get:137 http://deb.debian.org/debian trixie/main amd64 libpangoft2-1.0-0 amd64 1.56.3-1 [55.6 kB]
#15 251.3 Get:138 http://deb.debian.org/debian trixie/main amd64 libpangocairo-1.0-0 amd64 1.56.3-1 [35.7 kB]
#15 251.3 Get:139 http://deb.debian.org/debian trixie/main amd64 librsvg2-2 amd64 2.60.0+dfsg-1 [1789 kB]
#15 252.7 Get:140 http://deb.debian.org/debian trixie/main amd64 libshine3 amd64 3.1.1-2+b2 [23.1 kB]
#15 252.7 Get:141 http://deb.debian.org/debian trixie/main amd64 libsnappy1v5 amd64 1.2.2-1 [29.3 kB]
#15 252.7 Get:142 http://deb.debian.org/debian trixie/main amd64 libspeex1 amd64 1.2.1-3 [56.8 kB]
#15 252.8 Get:143 http://deb.debian.org/debian trixie/main amd64 libsvtav1enc2 amd64 2.3.0+dfsg-1 [2489 kB]
#15 263.4 Get:144 http://deb.debian.org/debian trixie/main amd64 libsoxr0 amd64 0.1.3-4+b2 [81.0 kB]
#15 263.5 Get:145 http://deb.debian.org/debian trixie/main amd64 libswresample5 amd64 7:7.1.3-0+deb13u1 [101 kB]
#15 263.6 Get:146 http://deb.debian.org/debian trixie/main amd64 libtheoradec1 amd64 1.2.0~alpha1+dfsg-6 [58.4 kB]
#15 263.6 Get:147 http://deb.debian.org/debian trixie/main amd64 libogg0 amd64 1.3.5-3+b2 [23.8 kB]
#15 263.6 Get:148 http://deb.debian.org/debian trixie/main amd64 libtheoraenc1 amd64 1.2.0~alpha1+dfsg-6 [108 kB]
#15 263.7 Get:149 http://deb.debian.org/debian trixie/main amd64 libtwolame0 amd64 0.4.0-2+b2 [51.3 kB]
#15 263.8 Get:150 http://deb.debian.org/debian trixie/main amd64 libvorbis0a amd64 1.3.7-3 [90.0 kB]
#15 263.8 Get:151 http://deb.debian.org/debian trixie/main amd64 libvorbisenc2 amd64 1.3.7-3 [75.4 kB]
#15 263.9 Get:152 http://deb.debian.org/debian trixie/main amd64 libvpx9 amd64 1.15.0-2.1+deb13u1 [1115 kB]
#15 267.9 Get:153 http://deb.debian.org/debian trixie/main amd64 libwebpmux3 amd64 1.5.0-0.1 [126 kB]
#15 268.3 Get:154 http://deb.debian.org/debian trixie/main amd64 libx264-164 amd64 2:0.164.3108+git31e19f9-2+b1 [558 kB]
#15 269.8 Get:155 http://deb.debian.org/debian trixie/main amd64 libnuma1 amd64 2.0.19-1 [22.2 kB]
#15 269.8 Get:156 http://deb.debian.org/debian trixie/main amd64 libx265-215 amd64 4.1-2 [1237 kB]
#15 270.6 Get:157 http://deb.debian.org/debian trixie/main amd64 libxvidcore4 amd64 2:1.3.7-1+b2 [252 kB]
#15 270.8 Get:158 http://deb.debian.org/debian trixie/main amd64 libzvbi-common all 0.2.44-1 [71.4 kB]
#15 270.8 Get:159 http://deb.debian.org/debian trixie/main amd64 libzvbi0t64 amd64 0.2.44-1 [278 kB]
#15 270.9 Get:160 http://deb.debian.org/debian trixie/main amd64 libavcodec61 amd64 7:7.1.3-0+deb13u1 [5808 kB]
#15 283.5 Get:161 http://deb.debian.org/debian trixie/main amd64 libasound2-data all 1.2.14-1 [21.1 kB]
#15 283.6 Get:162 http://deb.debian.org/debian trixie/main amd64 libasound2t64 amd64 1.2.14-1 [381 kB]
#15 284.5 Get:163 http://deb.debian.org/debian trixie/main amd64 libraw1394-11 amd64 2.1.2-2+b2 [38.8 kB]
#15 284.5 Get:164 http://deb.debian.org/debian trixie/main amd64 libavc1394-0 amd64 0.5.4-5+b2 [18.2 kB]
#15 284.5 Get:165 http://deb.debian.org/debian trixie/main amd64 libunibreak6 amd64 6.1-3 [21.9 kB]
#15 284.5 Get:166 http://deb.debian.org/debian trixie/main amd64 libass9 amd64 1:0.17.3-1+b1 [114 kB]
#15 285.4 Get:167 http://deb.debian.org/debian trixie/main amd64 libudfread0 amd64 1.1.2-1+b2 [17.7 kB]
#15 285.5 Get:168 http://deb.debian.org/debian trixie/main amd64 libbluray2 amd64 1:1.3.4-1+b2 [138 kB]
#15 287.8 Get:169 http://deb.debian.org/debian trixie/main amd64 libchromaprint1 amd64 1.5.1-7 [42.9 kB]
#15 288.0 Get:170 http://deb.debian.org/debian trixie/main amd64 libdvdread8t64 amd64 6.1.3-2 [86.2 kB]
#15 288.4 Get:171 http://deb.debian.org/debian trixie/main amd64 libdvdnav4 amd64 6.1.1-3+b1 [44.5 kB]
#15 288.9 Get:172 http://deb.debian.org/debian trixie/main amd64 libgme0 amd64 0.6.3-7+b2 [131 kB]
#15 289.3 Get:173 http://deb.debian.org/debian trixie/main amd64 libmpg123-0t64 amd64 1.32.10-1+deb13u1 [149 kB]
#15 290.0 Get:174 http://deb.debian.org/debian trixie/main amd64 libvorbisfile3 amd64 1.3.7-3 [20.9 kB]
#15 290.0 Get:175 http://deb.debian.org/debian trixie/main amd64 libopenmpt0t64 amd64 0.7.13-1+b1 [855 kB]
#15 291.0 Get:176 http://deb.debian.org/debian trixie/main amd64 librabbitmq4 amd64 0.15.0-1 [41.8 kB]
#15 291.1 Get:177 http://deb.debian.org/debian trixie/main amd64 libcjson1 amd64 1.7.18-3.1+deb13u1 [29.8 kB]
#15 291.1 Get:178 http://deb.debian.org/debian trixie/main amd64 libmbedcrypto16 amd64 3.6.5-0.1~deb13u1 [361 kB]
#15 291.3 Get:179 http://deb.debian.org/debian trixie/main amd64 librist4 amd64 0.2.11+dfsg-1 [72.1 kB]
#15 291.3 Get:180 http://deb.debian.org/debian trixie/main amd64 libsrt1.5-gnutls amd64 1.5.4-1 [345 kB]
#15 291.4 Get:181 http://deb.debian.org/debian trixie/main amd64 libssh-4 amd64 0.11.2-1+deb13u1 [209 kB]
#15 291.6 Get:182 http://deb.debian.org/debian trixie/main amd64 libnorm1t64 amd64 1.5.9+dfsg-3.1+b2 [221 kB]
#15 291.7 Get:183 http://deb.debian.org/debian trixie/main amd64 libpgm-5.3-0t64 amd64 5.3.128~dfsg-2.1+b1 [162 kB]
#15 291.8 Get:184 http://deb.debian.org/debian trixie/main amd64 libsodium23 amd64 1.0.18-1+deb13u1 [165 kB]
#15 292.0 Get:185 http://deb.debian.org/debian trixie/main amd64 libzmq5 amd64 4.3.5-1+b3 [283 kB]
#15 292.3 Get:186 http://deb.debian.org/debian trixie/main amd64 libavformat61 amd64 7:7.1.3-0+deb13u1 [1193 kB]
#15 294.1 Get:187 http://deb.debian.org/debian trixie/main amd64 libbs2b0 amd64 3.1.0+dfsg-8+b1 [12.5 kB]
#15 294.2 Get:188 http://deb.debian.org/debian trixie/main amd64 libflite1 amd64 2.2-7 [12.8 MB]
#15 317.1 Get:189 http://deb.debian.org/debian trixie/main amd64 libserd-0-0 amd64 0.32.4-1 [47.0 kB]
#15 317.1 Get:190 http://deb.debian.org/debian trixie/main amd64 libzix-0-0 amd64 0.6.2-1 [23.1 kB]
#15 317.2 Get:191 http://deb.debian.org/debian trixie/main amd64 libsord-0-0 amd64 0.16.18-1 [18.0 kB]
#15 317.2 Get:192 http://deb.debian.org/debian trixie/main amd64 libsratom-0-0 amd64 0.6.18-1 [17.7 kB]
#15 317.2 Get:193 http://deb.debian.org/debian trixie/main amd64 liblilv-0-0 amd64 0.24.26-1 [43.5 kB]
#15 317.2 Get:194 http://deb.debian.org/debian trixie/main amd64 libmysofa1 amd64 1.3.3+dfsg-1 [1158 kB]
#15 317.7 Get:195 http://deb.debian.org/debian trixie/main amd64 libvulkan1 amd64 1.4.309.0-1 [130 kB]
#15 317.8 Get:196 http://deb.debian.org/debian trixie/main amd64 libplacebo349 amd64 7.349.0-3 [2542 kB]
#15 318.8 Get:197 http://deb.debian.org/debian trixie/main amd64 libblas3 amd64 3.12.1-6 [160 kB]
#15 318.9 Get:198 http://deb.debian.org/debian trixie/main amd64 libgfortran5 amd64 14.2.0-19 [836 kB]
#15 321.5 Get:199 http://deb.debian.org/debian trixie/main amd64 liblapack3 amd64 3.12.1-6 [2447 kB]
#15 322.5 Get:200 http://deb.debian.org/debian trixie/main amd64 libasyncns0 amd64 0.8-6+b5 [12.0 kB]
#15 322.5 Get:201 http://deb.debian.org/debian trixie/main amd64 libdbus-1-3 amd64 1.16.2-2 [178 kB]
#15 322.8 Get:202 http://deb.debian.org/debian trixie/main amd64 libflac14 amd64 1.5.0+ds-2 [210 kB]
#15 323.1 Get:203 http://deb.debian.org/debian trixie/main amd64 libsndfile1 amd64 1.2.2-2+deb13u1 [199 kB]
#15 323.3 Get:204 http://deb.debian.org/debian trixie/main amd64 libpulse0 amd64 17.0+dfsg1-2+b1 [276 kB]
#15 323.6 Get:205 http://deb.debian.org/debian trixie/main amd64 libsphinxbase3t64 amd64 0.8+5prealpha+1-21+b1 [121 kB]
#15 323.6 Get:206 http://deb.debian.org/debian trixie/main amd64 libpocketsphinx3 amd64 0.8+5prealpha+1-15+b4 [126 kB]
#15 323.7 Get:207 http://deb.debian.org/debian trixie/main amd64 libpostproc58 amd64 7:7.1.3-0+deb13u1 [88.3 kB]
#15 323.7 Get:208 http://deb.debian.org/debian trixie/main amd64 libfftw3-double3 amd64 3.3.10-2+b1 [781 kB]
#15 325.3 Get:209 http://deb.debian.org/debian trixie/main amd64 libsamplerate0 amd64 0.2.2-4+b2 [950 kB]
#15 326.1 Get:210 http://deb.debian.org/debian trixie/main amd64 librubberband2 amd64 3.3.0+dfsg-2+b3 [142 kB]
#15 326.7 Get:211 http://deb.debian.org/debian trixie/main amd64 libswscale8 amd64 7:7.1.3-0+deb13u1 [233 kB]
#15 326.9 Get:212 http://deb.debian.org/debian trixie/main amd64 libvidstab1.1 amd64 1.1.0-2+b2 [38.9 kB]
#15 326.9 Get:213 http://deb.debian.org/debian trixie/main amd64 libzimg2 amd64 3.0.5+ds1-1+b2 [244 kB]
#15 327.2 Get:214 http://deb.debian.org/debian trixie/main amd64 libavfilter10 amd64 7:7.1.3-0+deb13u1 [4109 kB]
#15 336.6 Get:215 http://deb.debian.org/debian trixie/main amd64 libslang2 amd64 2.3.3-5+b2 [549 kB]
#15 336.8 Get:216 http://deb.debian.org/debian trixie/main amd64 libcaca0 amd64 0.99.beta20-5 [202 kB]
#15 336.9 Get:217 http://deb.debian.org/debian trixie/main amd64 libcdio19t64 amd64 2.2.0-4 [61.3 kB]
#15 336.9 Get:218 http://deb.debian.org/debian trixie/main amd64 libcdio-cdda2t64 amd64 10.2+2.0.2-1+b1 [17.7 kB]
#15 336.9 Get:219 http://deb.debian.org/debian trixie/main amd64 libcdio-paranoia2t64 amd64 10.2+2.0.2-1+b1 [17.4 kB]
#15 336.9 Get:220 http://deb.debian.org/debian trixie/main amd64 libusb-1.0-0 amd64 2:1.0.28-1 [59.6 kB]
#15 336.9 Get:221 http://deb.debian.org/debian trixie/main amd64 libdc1394-25 amd64 2.2.6-5 [111 kB]
#15 337.0 Get:222 http://deb.debian.org/debian trixie/main amd64 libglvnd0 amd64 1.7.0-1+b2 [52.0 kB]
#15 337.0 Get:223 http://deb.debian.org/debian trixie/main amd64 libxcb-glx0 amd64 1.17.0-2+b1 [122 kB]
#15 337.0 Get:224 http://deb.debian.org/debian trixie/main amd64 libxcb-present0 amd64 1.17.0-2+b1 [106 kB]
#15 337.1 Get:225 http://deb.debian.org/debian trixie/main amd64 libxcb-xfixes0 amd64 1.17.0-2+b1 [109 kB]
#15 337.2 Get:226 http://deb.debian.org/debian trixie/main amd64 libxxf86vm1 amd64 1:1.1.4-1+b4 [19.3 kB]
#15 337.2 Get:227 http://deb.debian.org/debian trixie/main amd64 libdrm-amdgpu1 amd64 2.4.124-2 [22.6 kB]
#15 337.2 Get:228 http://deb.debian.org/debian trixie/main amd64 libpciaccess0 amd64 0.17-3+b3 [51.9 kB]
#15 337.3 Get:229 http://deb.debian.org/debian trixie/main amd64 libdrm-intel1 amd64 2.4.124-2 [64.1 kB]
#15 337.3 Get:230 http://deb.debian.org/debian trixie/main amd64 libelf1t64 amd64 0.192-4 [189 kB]
#15 337.5 Get:231 http://deb.debian.org/debian trixie/main amd64 libedit2 amd64 3.1-20250104-1 [93.8 kB]
#15 337.5 Get:232 http://deb.debian.org/debian trixie/main amd64 libz3-4 amd64 4.13.3-1 [8560 kB]
#15 343.7 Get:233 http://deb.debian.org/debian trixie/main amd64 libllvm19 amd64 1:19.1.7-3+b1 [26.0 MB]
#15 364.5 Get:234 http://deb.debian.org/debian trixie/main amd64 libsensors-config all 1:3.6.2-2 [16.2 kB]
#15 364.5 Get:235 http://deb.debian.org/debian trixie/main amd64 libsensors5 amd64 1:3.6.2-2 [37.5 kB]
#15 364.5 Get:236 http://deb.debian.org/debian trixie/main amd64 libxcb-randr0 amd64 1.17.0-2+b1 [117 kB]
#15 364.6 Get:237 http://deb.debian.org/debian trixie/main amd64 libxcb-sync1 amd64 1.17.0-2+b1 [109 kB]
#15 364.6 Get:238 http://deb.debian.org/debian trixie/main amd64 libxshmfence1 amd64 1.3.3-1 [10.9 kB]
#15 364.6 Get:239 http://deb.debian.org/debian trixie/main amd64 mesa-libgallium amd64 25.0.7-2 [9629 kB]
#15 376.4 Get:240 http://deb.debian.org/debian trixie/main amd64 libwayland-server0 amd64 1.23.1-3 [34.4 kB]
#15 376.4 Get:241 http://deb.debian.org/debian trixie/main amd64 libgbm1 amd64 25.0.7-2 [44.4 kB]
#15 376.4 Get:242 http://deb.debian.org/debian trixie/main amd64 libgl1-mesa-dri amd64 25.0.7-2 [46.1 kB]
#15 376.4 Get:243 http://deb.debian.org/debian trixie/main amd64 libglx-mesa0 amd64 25.0.7-2 [143 kB]
#15 376.5 Get:244 http://deb.debian.org/debian trixie/main amd64 libglx0 amd64 1.7.0-1+b2 [34.9 kB]
#15 376.5 Get:245 http://deb.debian.org/debian trixie/main amd64 libgl1 amd64 1.7.0-1+b2 [89.5 kB]
#15 376.6 Get:246 http://deb.debian.org/debian trixie/main amd64 libiec61883-0 amd64 1.2.0-7 [30.6 kB]
#15 376.6 Get:247 http://deb.debian.org/debian trixie/main amd64 libjack-jackd2-0 amd64 1.9.22~dfsg-4 [287 kB]
#15 376.9 Get:248 http://deb.debian.org/debian trixie/main amd64 libopenal-data all 1:1.24.2-1 [168 kB]
#15 377.1 Get:249 http://deb.debian.org/debian trixie/main amd64 libopenal1 amd64 1:1.24.2-1 [637 kB]
#15 377.6 Get:250 http://deb.debian.org/debian trixie/main amd64 libwayland-client0 amd64 1.23.1-3 [26.8 kB]
#15 377.6 Get:251 http://deb.debian.org/debian trixie/main amd64 libdecor-0-0 amd64 0.2.2-2 [15.5 kB]
#15 377.6 Get:252 http://deb.debian.org/debian trixie/main amd64 libwayland-cursor0 amd64 1.23.1-3 [11.9 kB]
#15 377.6 Get:253 http://deb.debian.org/debian trixie/main amd64 libwayland-egl1 amd64 1.23.1-3 [5860 B]
#15 377.7 Get:254 http://deb.debian.org/debian trixie/main amd64 libxcursor1 amd64 1:1.2.3-1 [39.7 kB]
#15 377.7 Get:255 http://deb.debian.org/debian trixie/main amd64 libxi6 amd64 2:1.8.2-1 [78.9 kB]
#15 377.7 Get:256 http://deb.debian.org/debian trixie/main amd64 xkb-data all 2.42-1 [790 kB]
#15 378.5 Get:257 http://deb.debian.org/debian trixie/main amd64 libxkbcommon0 amd64 1.7.0-2 [113 kB]
#15 378.6 Get:258 http://deb.debian.org/debian trixie/main amd64 libxrandr2 amd64 2:1.5.4-1+b3 [36.3 kB]
#15 378.6 Get:259 http://deb.debian.org/debian trixie/main amd64 x11-common all 1:7.7+24+deb13u1 [217 kB]
#15 378.7 Get:260 http://deb.debian.org/debian trixie/main amd64 libxss1 amd64 1:1.2.3-1+b3 [17.0 kB]
#15 378.7 Get:261 http://deb.debian.org/debian trixie/main amd64 libsdl2-2.0-0 amd64 2.32.4+dfsg-1 [669 kB]
#15 381.4 Get:262 http://deb.debian.org/debian trixie/main amd64 libxcb-shape0 amd64 1.17.0-2+b1 [106 kB]
#15 381.9 Get:263 http://deb.debian.org/debian trixie/main amd64 libxv1 amd64 2:1.0.11-1.1+b3 [23.4 kB]
#15 382.0 Get:264 http://deb.debian.org/debian trixie/main amd64 libavdevice61 amd64 7:7.1.3-0+deb13u1 [119 kB]
#15 382.8 Get:265 http://deb.debian.org/debian trixie/main amd64 ffmpeg amd64 7:7.1.3-0+deb13u1 [1995 kB]
#15 386.9 Get:266 http://deb.debian.org/debian trixie/main amd64 libpq5 amd64 17.9-0+deb13u1 [228 kB]
#15 387.2 Get:267 http://deb.debian.org/debian trixie/main amd64 libssl-dev amd64 3.5.5-1~deb13u1 [2953 kB]
#15 391.0 Get:268 http://deb.debian.org/debian trixie/main amd64 libpq-dev amd64 17.9-0+deb13u1 [152 kB]
#15 392.0 debconf: unable to initialize frontend: Dialog
#15 392.0 debconf: (TERM is not set, so the dialog frontend is not usable.)
#15 392.0 debconf: falling back to frontend: Readline
#15 392.0 debconf: unable to initialize frontend: Readline
#15 392.0 debconf: (Can't locate Term/ReadLine.pm in @INC (you may need to install the Term::ReadLine module) (@INC entries checked: /etc/perl /usr/local/lib/x86_64-linux-gnu/perl/5.40.1 /usr/local/share/perl/5.40.1 /usr/lib/x86_64-linux-gnu/perl5/5.40 /usr/share/perl5 /usr/lib/x86_64-linux-gnu/perl-base /usr/lib/x86_64-linux-gnu/perl/5.40 /usr/share/perl/5.40 /usr/local/lib/site_perl) at /usr/share/perl5/Debconf/FrontEnd/Readline.pm line 8, <STDIN> line 268.)
#15 392.0 debconf: falling back to frontend: Teletype
#15 392.0 debconf: unable to initialize frontend: Teletype
#15 392.0 debconf: (This frontend requires a controlling tty.)
#15 392.0 debconf: falling back to frontend: Noninteractive
#15 396.2 Preconfiguring packages ...
#15 396.3 Fetched 220 MB in 5min 43s (642 kB/s)
#15 396.4 Selecting previously unselected package libexpat1:amd64.
#15 396.4 (Reading database ... (Reading database ... 5%(Reading database ... 10%(Reading database ... 15%(Reading database ... 20%(Reading database ... 25%(Reading database ... 30%(Reading database ... 35%(Reading database ... 40%(Reading database ... 45%(Reading database ... 50%(Reading database ... 55%(Reading database ... 60%(Reading database ... 65%(Reading database ... 70%(Reading database ... 75%(Reading database ... 80%(Reading database ... 85%(Reading database ... 90%(Reading database ... 95%(Reading database ... 100%(Reading database ... 5645 files and directories currently installed.)
#15 396.4 Preparing to unpack .../000-libexpat1_2.7.1-2_amd64.deb ...
#15 396.4 Unpacking libexpat1:amd64 (2.7.1-2) ...
#15 396.5 Selecting previously unselected package bzip2.
#15 396.5 Preparing to unpack .../001-bzip2_1.0.8-6_amd64.deb ...
#15 396.5 Unpacking bzip2 (1.0.8-6) ...
#15 396.6 Selecting previously unselected package perl-modules-5.40.
#15 396.6 Preparing to unpack .../002-perl-modules-5.40_5.40.1-6_all.deb ...
#15 396.6 Unpacking perl-modules-5.40 (5.40.1-6) ...
#15 396.8 Selecting previously unselected package libgdbm-compat4t64:amd64.
#15 396.8 Preparing to unpack .../003-libgdbm-compat4t64_1.24-2_amd64.deb ...
#15 396.8 Unpacking libgdbm-compat4t64:amd64 (1.24-2) ...
#15 396.9 Selecting previously unselected package libperl5.40:amd64.
#15 396.9 Preparing to unpack .../004-libperl5.40_5.40.1-6_amd64.deb ...
#15 396.9 Unpacking libperl5.40:amd64 (5.40.1-6) ...
#15 397.2 Selecting previously unselected package perl.
#15 397.2 Preparing to unpack .../005-perl_5.40.1-6_amd64.deb ...
#15 397.2 Unpacking perl (5.40.1-6) ...
#15 397.3 Selecting previously unselected package xz-utils.
#15 397.3 Preparing to unpack .../006-xz-utils_5.8.1-1_amd64.deb ...
#15 397.3 Unpacking xz-utils (5.8.1-1) ...
#15 397.4 Selecting previously unselected package libsframe1:amd64.
#15 397.4 Preparing to unpack .../007-libsframe1_2.44-3_amd64.deb ...
#15 397.4 Unpacking libsframe1:amd64 (2.44-3) ...
#15 397.4 Selecting previously unselected package binutils-common:amd64.
#15 397.4 Preparing to unpack .../008-binutils-common_2.44-3_amd64.deb ...
#15 397.4 Unpacking binutils-common:amd64 (2.44-3) ...
#15 397.6 Selecting previously unselected package libbinutils:amd64.
#15 397.6 Preparing to unpack .../009-libbinutils_2.44-3_amd64.deb ...
#15 397.6 Unpacking libbinutils:amd64 (2.44-3) ...
#15 397.7 Selecting previously unselected package libgprofng0:amd64.
#15 397.7 Preparing to unpack .../010-libgprofng0_2.44-3_amd64.deb ...
#15 397.7 Unpacking libgprofng0:amd64 (2.44-3) ...
#15 397.8 Selecting previously unselected package libctf-nobfd0:amd64.
#15 397.8 Preparing to unpack .../011-libctf-nobfd0_2.44-3_amd64.deb ...
#15 397.8 Unpacking libctf-nobfd0:amd64 (2.44-3) ...
#15 397.9 Selecting previously unselected package libctf0:amd64.
#15 397.9 Preparing to unpack .../012-libctf0_2.44-3_amd64.deb ...
#15 397.9 Unpacking libctf0:amd64 (2.44-3) ...
#15 398.0 Selecting previously unselected package libjansson4:amd64.
#15 398.0 Preparing to unpack .../013-libjansson4_2.14-2+b3_amd64.deb ...
#15 398.0 Unpacking libjansson4:amd64 (2.14-2+b3) ...
#15 398.0 Selecting previously unselected package binutils-x86-64-linux-gnu.
#15 398.0 Preparing to unpack .../014-binutils-x86-64-linux-gnu_2.44-3_amd64.deb ...
#15 398.1 Unpacking binutils-x86-64-linux-gnu (2.44-3) ...
#15 398.2 Selecting previously unselected package binutils.
#15 398.2 Preparing to unpack .../015-binutils_2.44-3_amd64.deb ...
#15 398.2 Unpacking binutils (2.44-3) ...
#15 398.3 Selecting previously unselected package libc-dev-bin.
#15 398.3 Preparing to unpack .../016-libc-dev-bin_2.41-12+deb13u2_amd64.deb ...
#15 398.3 Unpacking libc-dev-bin (2.41-12+deb13u2) ...
#15 398.3 Selecting previously unselected package linux-libc-dev.
#15 398.3 Preparing to unpack .../017-linux-libc-dev_6.12.74-2_all.deb ...
#15 398.3 Unpacking linux-libc-dev (6.12.74-2) ...
#15 398.6 Selecting previously unselected package libcrypt-dev:amd64.
#15 398.6 Preparing to unpack .../018-libcrypt-dev_1%3a4.4.38-1_amd64.deb ...
#15 398.6 Unpacking libcrypt-dev:amd64 (1:4.4.38-1) ...
#15 398.7 Selecting previously unselected package rpcsvc-proto.
#15 398.7 Preparing to unpack .../019-rpcsvc-proto_1.4.3-1_amd64.deb ...
#15 398.7 Unpacking rpcsvc-proto (1.4.3-1) ...
#15 398.7 Selecting previously unselected package libc6-dev:amd64.
#15 398.7 Preparing to unpack .../020-libc6-dev_2.41-12+deb13u2_amd64.deb ...
#15 398.7 Unpacking libc6-dev:amd64 (2.41-12+deb13u2) ...
#15 398.9 Selecting previously unselected package libisl23:amd64.
#15 398.9 Preparing to unpack .../021-libisl23_0.27-1_amd64.deb ...
#15 398.9 Unpacking libisl23:amd64 (0.27-1) ...
#15 399.0 Selecting previously unselected package libmpfr6:amd64.
#15 399.0 Preparing to unpack .../022-libmpfr6_4.2.2-1_amd64.deb ...
#15 399.1 Unpacking libmpfr6:amd64 (4.2.2-1) ...
#15 399.1 Selecting previously unselected package libmpc3:amd64.
#15 399.1 Preparing to unpack .../023-libmpc3_1.3.1-1+b3_amd64.deb ...
#15 399.1 Unpacking libmpc3:amd64 (1.3.1-1+b3) ...
#15 399.2 Selecting previously unselected package cpp-14-x86-64-linux-gnu.
#15 399.2 Preparing to unpack .../024-cpp-14-x86-64-linux-gnu_14.2.0-19_amd64.deb ...
#15 399.2 Unpacking cpp-14-x86-64-linux-gnu (14.2.0-19) ...
#15 399.7 Selecting previously unselected package cpp-14.
#15 399.7 Preparing to unpack .../025-cpp-14_14.2.0-19_amd64.deb ...
#15 399.7 Unpacking cpp-14 (14.2.0-19) ...
#15 399.8 Selecting previously unselected package cpp-x86-64-linux-gnu.
#15 399.8 Preparing to unpack .../026-cpp-x86-64-linux-gnu_4%3a14.2.0-1_amd64.deb ...
#15 399.8 Unpacking cpp-x86-64-linux-gnu (4:14.2.0-1) ...
#15 399.8 Selecting previously unselected package cpp.
#15 399.8 Preparing to unpack .../027-cpp_4%3a14.2.0-1_amd64.deb ...
#15 399.9 Unpacking cpp (4:14.2.0-1) ...
#15 399.9 Selecting previously unselected package libcc1-0:amd64.
#15 399.9 Preparing to unpack .../028-libcc1-0_14.2.0-19_amd64.deb ...
#15 399.9 Unpacking libcc1-0:amd64 (14.2.0-19) ...
#15 400.0 Selecting previously unselected package libgomp1:amd64.
#15 400.0 Preparing to unpack .../029-libgomp1_14.2.0-19_amd64.deb ...
#15 400.0 Unpacking libgomp1:amd64 (14.2.0-19) ...
#15 400.1 Selecting previously unselected package libitm1:amd64.
#15 400.1 Preparing to unpack .../030-libitm1_14.2.0-19_amd64.deb ...
#15 400.1 Unpacking libitm1:amd64 (14.2.0-19) ...
#15 400.2 Selecting previously unselected package libatomic1:amd64.
#15 400.2 Preparing to unpack .../031-libatomic1_14.2.0-19_amd64.deb ...
#15 400.2 Unpacking libatomic1:amd64 (14.2.0-19) ...
#15 400.3 Selecting previously unselected package libasan8:amd64.
#15 400.3 Preparing to unpack .../032-libasan8_14.2.0-19_amd64.deb ...
#15 400.3 Unpacking libasan8:amd64 (14.2.0-19) ...
#15 400.5 Selecting previously unselected package liblsan0:amd64.
#15 400.5 Preparing to unpack .../033-liblsan0_14.2.0-19_amd64.deb ...
#15 400.5 Unpacking liblsan0:amd64 (14.2.0-19) ...
#15 400.6 Selecting previously unselected package libtsan2:amd64.
#15 400.6 Preparing to unpack .../034-libtsan2_14.2.0-19_amd64.deb ...
#15 400.7 Unpacking libtsan2:amd64 (14.2.0-19) ...
#15 400.8 Selecting previously unselected package libubsan1:amd64.
#15 400.8 Preparing to unpack .../035-libubsan1_14.2.0-19_amd64.deb ...
#15 400.8 Unpacking libubsan1:amd64 (14.2.0-19) ...
#15 401.0 Selecting previously unselected package libhwasan0:amd64.
#15 401.0 Preparing to unpack .../036-libhwasan0_14.2.0-19_amd64.deb ...
#15 401.0 Unpacking libhwasan0:amd64 (14.2.0-19) ...
#15 401.1 Selecting previously unselected package libquadmath0:amd64.
#15 401.1 Preparing to unpack .../037-libquadmath0_14.2.0-19_amd64.deb ...
#15 401.1 Unpacking libquadmath0:amd64 (14.2.0-19) ...
#15 401.2 Selecting previously unselected package libgcc-14-dev:amd64.
#15 401.2 Preparing to unpack .../038-libgcc-14-dev_14.2.0-19_amd64.deb ...
#15 401.2 Unpacking libgcc-14-dev:amd64 (14.2.0-19) ...
#15 401.4 Selecting previously unselected package gcc-14-x86-64-linux-gnu.
#15 401.4 Preparing to unpack .../039-gcc-14-x86-64-linux-gnu_14.2.0-19_amd64.deb ...
#15 401.4 Unpacking gcc-14-x86-64-linux-gnu (14.2.0-19) ...
#15 402.0 Selecting previously unselected package gcc-14.
#15 402.0 Preparing to unpack .../040-gcc-14_14.2.0-19_amd64.deb ...
#15 402.0 Unpacking gcc-14 (14.2.0-19) ...
#15 402.0 Selecting previously unselected package gcc-x86-64-linux-gnu.
#15 402.0 Preparing to unpack .../041-gcc-x86-64-linux-gnu_4%3a14.2.0-1_amd64.deb ...
#15 402.1 Unpacking gcc-x86-64-linux-gnu (4:14.2.0-1) ...
#15 402.1 Selecting previously unselected package gcc.
#15 402.1 Preparing to unpack .../042-gcc_4%3a14.2.0-1_amd64.deb ...
#15 402.1 Unpacking gcc (4:14.2.0-1) ...
#15 402.2 Selecting previously unselected package libstdc++-14-dev:amd64.
#15 402.2 Preparing to unpack .../043-libstdc++-14-dev_14.2.0-19_amd64.deb ...
#15 402.2 Unpacking libstdc++-14-dev:amd64 (14.2.0-19) ...
#15 402.4 Selecting previously unselected package g++-14-x86-64-linux-gnu.
#15 402.4 Preparing to unpack .../044-g++-14-x86-64-linux-gnu_14.2.0-19_amd64.deb ...
#15 402.4 Unpacking g++-14-x86-64-linux-gnu (14.2.0-19) ...
#15 402.9 Selecting previously unselected package g++-14.
#15 402.9 Preparing to unpack .../045-g++-14_14.2.0-19_amd64.deb ...
#15 402.9 Unpacking g++-14 (14.2.0-19) ...
#15 402.9 Selecting previously unselected package g++-x86-64-linux-gnu.
#15 402.9 Preparing to unpack .../046-g++-x86-64-linux-gnu_4%3a14.2.0-1_amd64.deb ...
#15 403.0 Unpacking g++-x86-64-linux-gnu (4:14.2.0-1) ...
#15 403.0 Selecting previously unselected package g++.
#15 403.0 Preparing to unpack .../047-g++_4%3a14.2.0-1_amd64.deb ...
#15 403.0 Unpacking g++ (4:14.2.0-1) ...
#15 403.1 Selecting previously unselected package make.
#15 403.1 Preparing to unpack .../048-make_4.4.1-2_amd64.deb ...
#15 403.1 Unpacking make (4.4.1-2) ...
#15 403.2 Selecting previously unselected package libdpkg-perl.
#15 403.2 Preparing to unpack .../049-libdpkg-perl_1.22.22_all.deb ...
#15 403.2 Unpacking libdpkg-perl (1.22.22) ...
#15 403.3 Selecting previously unselected package patch.
#15 403.3 Preparing to unpack .../050-patch_2.8-2_amd64.deb ...
#15 403.3 Unpacking patch (2.8-2) ...
#15 403.4 Selecting previously unselected package dpkg-dev.
#15 403.4 Preparing to unpack .../051-dpkg-dev_1.22.22_all.deb ...
#15 403.4 Unpacking dpkg-dev (1.22.22) ...
#15 403.4 Selecting previously unselected package build-essential.
#15 403.4 Preparing to unpack .../052-build-essential_12.12_amd64.deb ...
#15 403.5 Unpacking build-essential (12.12) ...
#15 403.5 Selecting previously unselected package libbrotli1:amd64.
#15 403.5 Preparing to unpack .../053-libbrotli1_1.1.0-2+b7_amd64.deb ...
#15 403.5 Unpacking libbrotli1:amd64 (1.1.0-2+b7) ...
#15 403.6 Selecting previously unselected package libkrb5support0:amd64.
#15 403.6 Preparing to unpack .../054-libkrb5support0_1.21.3-5_amd64.deb ...
#15 403.6 Unpacking libkrb5support0:amd64 (1.21.3-5) ...
#15 403.7 Selecting previously unselected package libcom-err2:amd64.
#15 403.7 Preparing to unpack .../055-libcom-err2_1.47.2-3+b10_amd64.deb ...
#15 403.7 Unpacking libcom-err2:amd64 (1.47.2-3+b10) ...
#15 403.8 Selecting previously unselected package libk5crypto3:amd64.
#15 403.8 Preparing to unpack .../056-libk5crypto3_1.21.3-5_amd64.deb ...
#15 403.8 Unpacking libk5crypto3:amd64 (1.21.3-5) ...
#15 403.8 Selecting previously unselected package libkeyutils1:amd64.
#15 403.8 Preparing to unpack .../057-libkeyutils1_1.6.3-6_amd64.deb ...
#15 403.9 Unpacking libkeyutils1:amd64 (1.6.3-6) ...
#15 403.9 Selecting previously unselected package libkrb5-3:amd64.
#15 403.9 Preparing to unpack .../058-libkrb5-3_1.21.3-5_amd64.deb ...
#15 403.9 Unpacking libkrb5-3:amd64 (1.21.3-5) ...
#15 404.0 Selecting previously unselected package libgssapi-krb5-2:amd64.
#15 404.0 Preparing to unpack .../059-libgssapi-krb5-2_1.21.3-5_amd64.deb ...
#15 404.0 Unpacking libgssapi-krb5-2:amd64 (1.21.3-5) ...
#15 404.1 Selecting previously unselected package libunistring5:amd64.
#15 404.1 Preparing to unpack .../060-libunistring5_1.3-2_amd64.deb ...
#15 404.1 Unpacking libunistring5:amd64 (1.3-2) ...
#15 404.2 Selecting previously unselected package libidn2-0:amd64.
#15 404.2 Preparing to unpack .../061-libidn2-0_2.3.8-2_amd64.deb ...
#15 404.2 Unpacking libidn2-0:amd64 (2.3.8-2) ...
#15 404.3 Selecting previously unselected package libsasl2-modules-db:amd64.
#15 404.3 Preparing to unpack .../062-libsasl2-modules-db_2.1.28+dfsg1-9_amd64.deb ...
#15 404.3 Unpacking libsasl2-modules-db:amd64 (2.1.28+dfsg1-9) ...
#15 404.4 Selecting previously unselected package libsasl2-2:amd64.
#15 404.4 Preparing to unpack .../063-libsasl2-2_2.1.28+dfsg1-9_amd64.deb ...
#15 404.4 Unpacking libsasl2-2:amd64 (2.1.28+dfsg1-9) ...
#15 404.4 Selecting previously unselected package libldap2:amd64.
#15 404.4 Preparing to unpack .../064-libldap2_2.6.10+dfsg-1_amd64.deb ...
#15 404.5 Unpacking libldap2:amd64 (2.6.10+dfsg-1) ...
#15 404.5 Selecting previously unselected package libnghttp2-14:amd64.
#15 404.5 Preparing to unpack .../065-libnghttp2-14_1.64.0-1.1_amd64.deb ...
#15 404.5 Unpacking libnghttp2-14:amd64 (1.64.0-1.1) ...
#15 404.6 Selecting previously unselected package libnghttp3-9:amd64.
#15 404.6 Preparing to unpack .../066-libnghttp3-9_1.8.0-1_amd64.deb ...
#15 404.6 Unpacking libnghttp3-9:amd64 (1.8.0-1) ...
#15 404.7 Selecting previously unselected package libpsl5t64:amd64.
#15 404.7 Preparing to unpack .../067-libpsl5t64_0.21.2-1.1+b1_amd64.deb ...
#15 404.7 Unpacking libpsl5t64:amd64 (0.21.2-1.1+b1) ...
#15 404.8 Selecting previously unselected package libp11-kit0:amd64.
#15 404.8 Preparing to unpack .../068-libp11-kit0_0.25.5-3_amd64.deb ...
#15 404.8 Unpacking libp11-kit0:amd64 (0.25.5-3) ...
#15 404.9 Selecting previously unselected package libtasn1-6:amd64.
#15 404.9 Preparing to unpack .../069-libtasn1-6_4.20.0-2_amd64.deb ...
#15 404.9 Unpacking libtasn1-6:amd64 (4.20.0-2) ...
#15 404.9 Selecting previously unselected package libgnutls30t64:amd64.
#15 404.9 Preparing to unpack .../070-libgnutls30t64_3.8.9-3+deb13u2_amd64.deb ...
#15 404.9 Unpacking libgnutls30t64:amd64 (3.8.9-3+deb13u2) ...
#15 405.1 Selecting previously unselected package librtmp1:amd64.
#15 405.1 Preparing to unpack .../071-librtmp1_2.4+20151223.gitfa8646d.1-2+b5_amd64.deb ...
#15 405.1 Unpacking librtmp1:amd64 (2.4+20151223.gitfa8646d.1-2+b5) ...
#15 405.1 Selecting previously unselected package libssh2-1t64:amd64.
#15 405.1 Preparing to unpack .../072-libssh2-1t64_1.11.1-1_amd64.deb ...
#15 405.2 Unpacking libssh2-1t64:amd64 (1.11.1-1) ...
#15 405.2 Selecting previously unselected package libcurl4t64:amd64.
#15 405.2 Preparing to unpack .../073-libcurl4t64_8.14.1-2+deb13u2_amd64.deb ...
#15 405.2 Unpacking libcurl4t64:amd64 (8.14.1-2+deb13u2) ...
#15 405.3 Selecting previously unselected package curl.
#15 405.3 Preparing to unpack .../074-curl_8.14.1-2+deb13u2_amd64.deb ...
#15 405.3 Unpacking curl (8.14.1-2+deb13u2) ...
#15 405.4 Selecting previously unselected package libaom3:amd64.
#15 405.4 Preparing to unpack .../075-libaom3_3.12.1-1_amd64.deb ...
#15 405.4 Unpacking libaom3:amd64 (3.12.1-1) ...
#15 405.6 Selecting previously unselected package libdrm-common.
#15 405.6 Preparing to unpack .../076-libdrm-common_2.4.124-2_all.deb ...
#15 405.6 Unpacking libdrm-common (2.4.124-2) ...
#15 405.6 Selecting previously unselected package libdrm2:amd64.
#15 405.6 Preparing to unpack .../077-libdrm2_2.4.124-2_amd64.deb ...
#15 405.7 Unpacking libdrm2:amd64 (2.4.124-2) ...
#15 405.7 Selecting previously unselected package libva2:amd64.
#15 405.7 Preparing to unpack .../078-libva2_2.22.0-3_amd64.deb ...
#15 405.7 Unpacking libva2:amd64 (2.22.0-3) ...
#15 405.8 Selecting previously unselected package libva-drm2:amd64.
#15 405.8 Preparing to unpack .../079-libva-drm2_2.22.0-3_amd64.deb ...
#15 405.8 Unpacking libva-drm2:amd64 (2.22.0-3) ...
#15 405.9 Selecting previously unselected package libxau6:amd64.
#15 405.9 Preparing to unpack .../080-libxau6_1%3a1.0.11-1_amd64.deb ...
#15 405.9 Unpacking libxau6:amd64 (1:1.0.11-1) ...
#15 405.9 Selecting previously unselected package libxdmcp6:amd64.
#15 405.9 Preparing to unpack .../081-libxdmcp6_1%3a1.1.5-1_amd64.deb ...
#15 406.0 Unpacking libxdmcp6:amd64 (1:1.1.5-1) ...
#15 406.0 Selecting previously unselected package libxcb1:amd64.
#15 406.0 Preparing to unpack .../082-libxcb1_1.17.0-2+b1_amd64.deb ...
#15 406.0 Unpacking libxcb1:amd64 (1.17.0-2+b1) ...
#15 406.1 Selecting previously unselected package libx11-data.
#15 406.1 Preparing to unpack .../083-libx11-data_2%3a1.8.12-1_all.deb ...
#15 406.1 Unpacking libx11-data (2:1.8.12-1) ...
#15 406.2 Selecting previously unselected package libx11-6:amd64.
#15 406.2 Preparing to unpack .../084-libx11-6_2%3a1.8.12-1_amd64.deb ...
#15 406.2 Unpacking libx11-6:amd64 (2:1.8.12-1) ...
#15 406.3 Selecting previously unselected package libx11-xcb1:amd64.
#15 406.3 Preparing to unpack .../085-libx11-xcb1_2%3a1.8.12-1_amd64.deb ...
#15 406.3 Unpacking libx11-xcb1:amd64 (2:1.8.12-1) ...
#15 406.4 Selecting previously unselected package libxcb-dri3-0:amd64.
#15 406.4 Preparing to unpack .../086-libxcb-dri3-0_1.17.0-2+b1_amd64.deb ...
#15 406.4 Unpacking libxcb-dri3-0:amd64 (1.17.0-2+b1) ...
#15 406.5 Selecting previously unselected package libxext6:amd64.
#15 406.5 Preparing to unpack .../087-libxext6_2%3a1.3.4-1+b3_amd64.deb ...
#15 406.5 Unpacking libxext6:amd64 (2:1.3.4-1+b3) ...
#15 406.6 Selecting previously unselected package libxfixes3:amd64.
#15 406.6 Preparing to unpack .../088-libxfixes3_1%3a6.0.0-2+b4_amd64.deb ...
#15 406.6 Unpacking libxfixes3:amd64 (1:6.0.0-2+b4) ...
#15 406.7 Selecting previously unselected package libva-x11-2:amd64.
#15 406.7 Preparing to unpack .../089-libva-x11-2_2.22.0-3_amd64.deb ...
#15 406.7 Unpacking libva-x11-2:amd64 (2.22.0-3) ...
#15 406.7 Selecting previously unselected package libvdpau1:amd64.
#15 406.7 Preparing to unpack .../090-libvdpau1_1.5-3+b1_amd64.deb ...
#15 406.7 Unpacking libvdpau1:amd64 (1.5-3+b1) ...
#15 406.8 Selecting previously unselected package libvpl2.
#15 406.8 Preparing to unpack .../091-libvpl2_1%3a2.14.0-1+b1_amd64.deb ...
#15 406.8 Unpacking libvpl2 (1:2.14.0-1+b1) ...
#15 406.9 Selecting previously unselected package ocl-icd-libopencl1:amd64.
#15 406.9 Preparing to unpack .../092-ocl-icd-libopencl1_2.3.3-1_amd64.deb ...
#15 406.9 Unpacking ocl-icd-libopencl1:amd64 (2.3.3-1) ...
#15 407.0 Selecting previously unselected package libavutil59:amd64.
#15 407.0 Preparing to unpack .../093-libavutil59_7%3a7.1.3-0+deb13u1_amd64.deb ...
#15 407.0 Unpacking libavutil59:amd64 (7:7.1.3-0+deb13u1) ...
#15 407.1 Selecting previously unselected package libpng16-16t64:amd64.
#15 407.1 Preparing to unpack .../094-libpng16-16t64_1.6.48-1+deb13u3_amd64.deb ...
#15 407.1 Unpacking libpng16-16t64:amd64 (1.6.48-1+deb13u3) ...
#15 407.1 Selecting previously unselected package libfreetype6:amd64.
#15 407.1 Preparing to unpack .../095-libfreetype6_2.13.3+dfsg-1+deb13u1_amd64.deb ...
#15 407.2 Unpacking libfreetype6:amd64 (2.13.3+dfsg-1+deb13u1) ...
#15 407.2 Selecting previously unselected package fonts-dejavu-mono.
#15 407.2 Preparing to unpack .../096-fonts-dejavu-mono_2.37-8_all.deb ...
#15 407.2 Unpacking fonts-dejavu-mono (2.37-8) ...
#15 407.3 Selecting previously unselected package fonts-dejavu-core.
#15 407.3 Preparing to unpack .../097-fonts-dejavu-core_2.37-8_all.deb ...
#15 407.3 Unpacking fonts-dejavu-core (2.37-8) ...
#15 407.5 Selecting previously unselected package fontconfig-config.
#15 407.5 Preparing to unpack .../098-fontconfig-config_2.15.0-2.3_amd64.deb ...
#15 407.5 Unpacking fontconfig-config (2.15.0-2.3) ...
#15 407.6 Selecting previously unselected package libfontconfig1:amd64.
#15 407.6 Preparing to unpack .../099-libfontconfig1_2.15.0-2.3_amd64.deb ...
#15 407.6 Unpacking libfontconfig1:amd64 (2.15.0-2.3) ...
#15 407.6 Selecting previously unselected package libpixman-1-0:amd64.
#15 407.6 Preparing to unpack .../100-libpixman-1-0_0.44.0-3_amd64.deb ...
#15 407.6 Unpacking libpixman-1-0:amd64 (0.44.0-3) ...
#15 407.7 Selecting previously unselected package libxcb-render0:amd64.
#15 407.7 Preparing to unpack .../101-libxcb-render0_1.17.0-2+b1_amd64.deb ...
#15 407.7 Unpacking libxcb-render0:amd64 (1.17.0-2+b1) ...
#15 407.8 Selecting previously unselected package libxcb-shm0:amd64.
#15 407.8 Preparing to unpack .../102-libxcb-shm0_1.17.0-2+b1_amd64.deb ...
#15 407.8 Unpacking libxcb-shm0:amd64 (1.17.0-2+b1) ...
#15 407.9 Selecting previously unselected package libxrender1:amd64.
#15 407.9 Preparing to unpack .../103-libxrender1_1%3a0.9.12-1_amd64.deb ...
#15 407.9 Unpacking libxrender1:amd64 (1:0.9.12-1) ...
#15 408.0 Selecting previously unselected package libcairo2:amd64.
#15 408.0 Preparing to unpack .../104-libcairo2_1.18.4-1+b1_amd64.deb ...
#15 408.0 Unpacking libcairo2:amd64 (1.18.4-1+b1) ...
#15 408.1 Selecting previously unselected package libcodec2-1.2:amd64.
#15 408.1 Preparing to unpack .../105-libcodec2-1.2_1.2.0-3_amd64.deb ...
#15 408.1 Unpacking libcodec2-1.2:amd64 (1.2.0-3) ...
#15 408.4 Selecting previously unselected package libdav1d7:amd64.
#15 408.4 Preparing to unpack .../106-libdav1d7_1.5.1-1_amd64.deb ...
#15 408.4 Unpacking libdav1d7:amd64 (1.5.1-1) ...
#15 408.5 Selecting previously unselected package libglib2.0-0t64:amd64.
#15 408.5 Preparing to unpack .../107-libglib2.0-0t64_2.84.4-3~deb13u2_amd64.deb ...
#15 408.6 Unpacking libglib2.0-0t64:amd64 (2.84.4-3~deb13u2) ...
#15 408.7 Selecting previously unselected package libgsm1:amd64.
#15 408.7 Preparing to unpack .../108-libgsm1_1.0.22-1+b2_amd64.deb ...
#15 408.7 Unpacking libgsm1:amd64 (1.0.22-1+b2) ...
#15 408.8 Selecting previously unselected package libhwy1t64:amd64.
#15 408.8 Preparing to unpack .../109-libhwy1t64_1.2.0-2+b2_amd64.deb ...
#15 408.8 Unpacking libhwy1t64:amd64 (1.2.0-2+b2) ...
#15 408.9 Selecting previously unselected package liblcms2-2:amd64.
#15 408.9 Preparing to unpack .../110-liblcms2-2_2.16-2_amd64.deb ...
#15 408.9 Unpacking liblcms2-2:amd64 (2.16-2) ...
#15 409.0 Selecting previously unselected package libjxl0.11:amd64.
#15 409.0 Preparing to unpack .../111-libjxl0.11_0.11.1-4_amd64.deb ...
#15 409.0 Unpacking libjxl0.11:amd64 (0.11.1-4) ...
#15 409.1 Selecting previously unselected package libmp3lame0:amd64.
#15 409.1 Preparing to unpack .../112-libmp3lame0_3.100-6+b3_amd64.deb ...
#15 409.1 Unpacking libmp3lame0:amd64 (3.100-6+b3) ...
#15 409.2 Selecting previously unselected package libopenjp2-7:amd64.
#15 409.2 Preparing to unpack .../113-libopenjp2-7_2.5.3-2.1~deb13u1_amd64.deb ...
#15 409.2 Unpacking libopenjp2-7:amd64 (2.5.3-2.1~deb13u1) ...
#15 409.3 Selecting previously unselected package libopus0:amd64.
#15 409.3 Preparing to unpack .../114-libopus0_1.5.2-2_amd64.deb ...
#15 409.3 Unpacking libopus0:amd64 (1.5.2-2) ...
#15 409.4 Selecting previously unselected package librav1e0.7:amd64.
#15 409.4 Preparing to unpack .../115-librav1e0.7_0.7.1-9+b2_amd64.deb ...
#15 409.5 Unpacking librav1e0.7:amd64 (0.7.1-9+b2) ...
#15 409.6 Selecting previously unselected package libcairo-gobject2:amd64.
#15 409.6 Preparing to unpack .../116-libcairo-gobject2_1.18.4-1+b1_amd64.deb ...
#15 409.6 Unpacking libcairo-gobject2:amd64 (1.18.4-1+b1) ...
#15 409.6 Selecting previously unselected package libgdk-pixbuf2.0-common.
#15 409.6 Preparing to unpack .../117-libgdk-pixbuf2.0-common_2.42.12+dfsg-4_all.deb ...
#15 409.6 Unpacking libgdk-pixbuf2.0-common (2.42.12+dfsg-4) ...
#15 409.7 Selecting previously unselected package libxml2:amd64.
#15 409.7 Preparing to unpack .../118-libxml2_2.12.7+dfsg+really2.9.14-2.1+deb13u2_amd64.deb ...
#15 409.7 Unpacking libxml2:amd64 (2.12.7+dfsg+really2.9.14-2.1+deb13u2) ...
#15 409.8 Selecting previously unselected package shared-mime-info.
#15 409.8 Preparing to unpack .../119-shared-mime-info_2.4-5+b2_amd64.deb ...
#15 409.8 Unpacking shared-mime-info (2.4-5+b2) ...
#15 410.0 Selecting previously unselected package libjpeg62-turbo:amd64.
#15 410.0 Preparing to unpack .../120-libjpeg62-turbo_1%3a2.1.5-4_amd64.deb ...
#15 410.0 Unpacking libjpeg62-turbo:amd64 (1:2.1.5-4) ...
#15 410.0 Selecting previously unselected package libdeflate0:amd64.
#15 410.0 Preparing to unpack .../121-libdeflate0_1.23-2_amd64.deb ...
#15 410.0 Unpacking libdeflate0:amd64 (1.23-2) ...
#15 410.1 Selecting previously unselected package libjbig0:amd64.
#15 410.1 Preparing to unpack .../122-libjbig0_2.1-6.1+b2_amd64.deb ...
#15 410.1 Unpacking libjbig0:amd64 (2.1-6.1+b2) ...
#15 410.2 Selecting previously unselected package liblerc4:amd64.
#15 410.2 Preparing to unpack .../123-liblerc4_4.0.0+ds-5_amd64.deb ...
#15 410.2 Unpacking liblerc4:amd64 (4.0.0+ds-5) ...
#15 410.3 Selecting previously unselected package libsharpyuv0:amd64.
#15 410.3 Preparing to unpack .../124-libsharpyuv0_1.5.0-0.1_amd64.deb ...
#15 410.3 Unpacking libsharpyuv0:amd64 (1.5.0-0.1) ...
#15 410.4 Selecting previously unselected package libwebp7:amd64.
#15 410.4 Preparing to unpack .../125-libwebp7_1.5.0-0.1_amd64.deb ...
#15 410.4 Unpacking libwebp7:amd64 (1.5.0-0.1) ...
#15 410.5 Selecting previously unselected package libtiff6:amd64.
#15 410.5 Preparing to unpack .../126-libtiff6_4.7.0-3+deb13u1_amd64.deb ...
#15 410.5 Unpacking libtiff6:amd64 (4.7.0-3+deb13u1) ...
#15 410.5 Selecting previously unselected package libgdk-pixbuf-2.0-0:amd64.
#15 410.5 Preparing to unpack .../127-libgdk-pixbuf-2.0-0_2.42.12+dfsg-4_amd64.deb ...
#15 410.6 Unpacking libgdk-pixbuf-2.0-0:amd64 (2.42.12+dfsg-4) ...
#15 410.6 Selecting previously unselected package fontconfig.
#15 410.6 Preparing to unpack .../128-fontconfig_2.15.0-2.3_amd64.deb ...
#15 410.6 Unpacking fontconfig (2.15.0-2.3) ...
#15 410.7 Selecting previously unselected package libfribidi0:amd64.
#15 410.7 Preparing to unpack .../129-libfribidi0_1.0.16-1_amd64.deb ...
#15 410.7 Unpacking libfribidi0:amd64 (1.0.16-1) ...
#15 410.8 Selecting previously unselected package libgraphite2-3:amd64.
#15 410.8 Preparing to unpack .../130-libgraphite2-3_1.3.14-2+b1_amd64.deb ...
#15 410.8 Unpacking libgraphite2-3:amd64 (1.3.14-2+b1) ...
#15 410.9 Selecting previously unselected package libharfbuzz0b:amd64.
#15 410.9 Preparing to unpack .../131-libharfbuzz0b_10.2.0-1+b1_amd64.deb ...
#15 410.9 Unpacking libharfbuzz0b:amd64 (10.2.0-1+b1) ...
#15 411.0 Selecting previously unselected package libthai-data.
#15 411.0 Preparing to unpack .../132-libthai-data_0.1.29-2_all.deb ...
#15 411.0 Unpacking libthai-data (0.1.29-2) ...
#15 411.1 Selecting previously unselected package libdatrie1:amd64.
#15 411.1 Preparing to unpack .../133-libdatrie1_0.2.13-3+b1_amd64.deb ...
#15 411.1 Unpacking libdatrie1:amd64 (0.2.13-3+b1) ...
#15 411.1 Selecting previously unselected package libthai0:amd64.
#15 411.1 Preparing to unpack .../134-libthai0_0.1.29-2+b1_amd64.deb ...
#15 411.2 Unpacking libthai0:amd64 (0.1.29-2+b1) ...
#15 411.2 Selecting previously unselected package libpango-1.0-0:amd64.
#15 411.2 Preparing to unpack .../135-libpango-1.0-0_1.56.3-1_amd64.deb ...
#15 411.2 Unpacking libpango-1.0-0:amd64 (1.56.3-1) ...
#15 411.3 Selecting previously unselected package libpangoft2-1.0-0:amd64.
#15 411.3 Preparing to unpack .../136-libpangoft2-1.0-0_1.56.3-1_amd64.deb ...
#15 411.3 Unpacking libpangoft2-1.0-0:amd64 (1.56.3-1) ...
#15 411.4 Selecting previously unselected package libpangocairo-1.0-0:amd64.
#15 411.4 Preparing to unpack .../137-libpangocairo-1.0-0_1.56.3-1_amd64.deb ...
#15 411.4 Unpacking libpangocairo-1.0-0:amd64 (1.56.3-1) ...
#15 411.5 Selecting previously unselected package librsvg2-2:amd64.
#15 411.5 Preparing to unpack .../138-librsvg2-2_2.60.0+dfsg-1_amd64.deb ...
#15 411.5 Unpacking librsvg2-2:amd64 (2.60.0+dfsg-1) ...
#15 411.6 Selecting previously unselected package libshine3:amd64.
#15 411.6 Preparing to unpack .../139-libshine3_3.1.1-2+b2_amd64.deb ...
#15 411.7 Unpacking libshine3:amd64 (3.1.1-2+b2) ...
#15 411.7 Selecting previously unselected package libsnappy1v5:amd64.
#15 411.7 Preparing to unpack .../140-libsnappy1v5_1.2.2-1_amd64.deb ...
#15 411.7 Unpacking libsnappy1v5:amd64 (1.2.2-1) ...
#15 411.8 Selecting previously unselected package libspeex1:amd64.
#15 411.8 Preparing to unpack .../141-libspeex1_1.2.1-3_amd64.deb ...
#15 411.8 Unpacking libspeex1:amd64 (1.2.1-3) ...
#15 411.9 Selecting previously unselected package libsvtav1enc2:amd64.
#15 411.9 Preparing to unpack .../142-libsvtav1enc2_2.3.0+dfsg-1_amd64.deb ...
#15 411.9 Unpacking libsvtav1enc2:amd64 (2.3.0+dfsg-1) ...
#15 412.1 Selecting previously unselected package libsoxr0:amd64.
#15 412.1 Preparing to unpack .../143-libsoxr0_0.1.3-4+b2_amd64.deb ...
#15 412.1 Unpacking libsoxr0:amd64 (0.1.3-4+b2) ...
#15 412.1 Selecting previously unselected package libswresample5:amd64.
#15 412.1 Preparing to unpack .../144-libswresample5_7%3a7.1.3-0+deb13u1_amd64.deb ...
#15 412.2 Unpacking libswresample5:amd64 (7:7.1.3-0+deb13u1) ...
#15 412.2 Selecting previously unselected package libtheoradec1:amd64.
#15 412.2 Preparing to unpack .../145-libtheoradec1_1.2.0~alpha1+dfsg-6_amd64.deb ...
#15 412.2 Unpacking libtheoradec1:amd64 (1.2.0~alpha1+dfsg-6) ...
#15 412.3 Selecting previously unselected package libogg0:amd64.
#15 412.3 Preparing to unpack .../146-libogg0_1.3.5-3+b2_amd64.deb ...
#15 412.3 Unpacking libogg0:amd64 (1.3.5-3+b2) ...
#15 412.4 Selecting previously unselected package libtheoraenc1:amd64.
#15 412.4 Preparing to unpack .../147-libtheoraenc1_1.2.0~alpha1+dfsg-6_amd64.deb ...
#15 412.4 Unpacking libtheoraenc1:amd64 (1.2.0~alpha1+dfsg-6) ...
#15 412.5 Selecting previously unselected package libtwolame0:amd64.
#15 412.5 Preparing to unpack .../148-libtwolame0_0.4.0-2+b2_amd64.deb ...
#15 412.5 Unpacking libtwolame0:amd64 (0.4.0-2+b2) ...
#15 412.5 Selecting previously unselected package libvorbis0a:amd64.
#15 412.5 Preparing to unpack .../149-libvorbis0a_1.3.7-3_amd64.deb ...
#15 412.6 Unpacking libvorbis0a:amd64 (1.3.7-3) ...
#15 412.6 Selecting previously unselected package libvorbisenc2:amd64.
#15 412.6 Preparing to unpack .../150-libvorbisenc2_1.3.7-3_amd64.deb ...
#15 412.6 Unpacking libvorbisenc2:amd64 (1.3.7-3) ...
#15 412.7 Selecting previously unselected package libvpx9:amd64.
#15 412.7 Preparing to unpack .../151-libvpx9_1.15.0-2.1+deb13u1_amd64.deb ...
#15 412.7 Unpacking libvpx9:amd64 (1.15.0-2.1+deb13u1) ...
#15 412.8 Selecting previously unselected package libwebpmux3:amd64.
#15 412.8 Preparing to unpack .../152-libwebpmux3_1.5.0-0.1_amd64.deb ...
#15 412.8 Unpacking libwebpmux3:amd64 (1.5.0-0.1) ...
#15 412.9 Selecting previously unselected package libx264-164:amd64.
#15 412.9 Preparing to unpack .../153-libx264-164_2%3a0.164.3108+git31e19f9-2+b1_amd64.deb ...
#15 412.9 Unpacking libx264-164:amd64 (2:0.164.3108+git31e19f9-2+b1) ...
#15 412.4 Selecting previously unselected package libnuma1:amd64.
#15 412.4 Preparing to unpack .../154-libnuma1_2.0.19-1_amd64.deb ...
#15 412.4 Unpacking libnuma1:amd64 (2.0.19-1) ...
#15 412.5 Selecting previously unselected package libx265-215:amd64.
#15 412.5 Preparing to unpack .../155-libx265-215_4.1-2_amd64.deb ...
#15 412.5 Unpacking libx265-215:amd64 (4.1-2) ...
#15 412.6 Selecting previously unselected package libxvidcore4:amd64.
#15 412.6 Preparing to unpack .../156-libxvidcore4_2%3a1.3.7-1+b2_amd64.deb ...
#15 412.6 Unpacking libxvidcore4:amd64 (2:1.3.7-1+b2) ...
#15 412.7 Selecting previously unselected package libzvbi-common.
#15 412.7 Preparing to unpack .../157-libzvbi-common_0.2.44-1_all.deb ...
#15 412.7 Unpacking libzvbi-common (0.2.44-1) ...
#15 412.8 Selecting previously unselected package libzvbi0t64:amd64.
#15 412.8 Preparing to unpack .../158-libzvbi0t64_0.2.44-1_amd64.deb ...
#15 412.8 Unpacking libzvbi0t64:amd64 (0.2.44-1) ...
#15 412.9 Selecting previously unselected package libavcodec61:amd64.
#15 412.9 Preparing to unpack .../159-libavcodec61_7%3a7.1.3-0+deb13u1_amd64.deb ...
#15 412.9 Unpacking libavcodec61:amd64 (7:7.1.3-0+deb13u1) ...
#15 413.2 Selecting previously unselected package libasound2-data.
#15 413.2 Preparing to unpack .../160-libasound2-data_1.2.14-1_all.deb ...
#15 413.2 Unpacking libasound2-data (1.2.14-1) ...
#15 413.3 Selecting previously unselected package libasound2t64:amd64.
#15 413.3 Preparing to unpack .../161-libasound2t64_1.2.14-1_amd64.deb ...
#15 413.3 Unpacking libasound2t64:amd64 (1.2.14-1) ...
#15 413.4 Selecting previously unselected package libraw1394-11:amd64.
#15 413.4 Preparing to unpack .../162-libraw1394-11_2.1.2-2+b2_amd64.deb ...
#15 413.4 Unpacking libraw1394-11:amd64 (2.1.2-2+b2) ...
#15 413.5 Selecting previously unselected package libavc1394-0:amd64.
#15 413.5 Preparing to unpack .../163-libavc1394-0_0.5.4-5+b2_amd64.deb ...
#15 413.5 Unpacking libavc1394-0:amd64 (0.5.4-5+b2) ...
#15 413.6 Selecting previously unselected package libunibreak6:amd64.
#15 413.6 Preparing to unpack .../164-libunibreak6_6.1-3_amd64.deb ...
#15 413.6 Unpacking libunibreak6:amd64 (6.1-3) ...
#15 413.6 Selecting previously unselected package libass9:amd64.
#15 413.6 Preparing to unpack .../165-libass9_1%3a0.17.3-1+b1_amd64.deb ...
#15 413.6 Unpacking libass9:amd64 (1:0.17.3-1+b1) ...
#15 413.7 Selecting previously unselected package libudfread0:amd64.
#15 413.7 Preparing to unpack .../166-libudfread0_1.1.2-1+b2_amd64.deb ...
#15 413.7 Unpacking libudfread0:amd64 (1.1.2-1+b2) ...
#15 413.8 Selecting previously unselected package libbluray2:amd64.
#15 413.8 Preparing to unpack .../167-libbluray2_1%3a1.3.4-1+b2_amd64.deb ...
#15 413.8 Unpacking libbluray2:amd64 (1:1.3.4-1+b2) ...
#15 413.9 Selecting previously unselected package libchromaprint1:amd64.
#15 413.9 Preparing to unpack .../168-libchromaprint1_1.5.1-7_amd64.deb ...
#15 413.9 Unpacking libchromaprint1:amd64 (1.5.1-7) ...
#15 414.0 Selecting previously unselected package libdvdread8t64:amd64.
#15 414.0 Preparing to unpack .../169-libdvdread8t64_6.1.3-2_amd64.deb ...
#15 414.0 Unpacking libdvdread8t64:amd64 (6.1.3-2) ...
#15 414.1 Selecting previously unselected package libdvdnav4:amd64.
#15 414.1 Preparing to unpack .../170-libdvdnav4_6.1.1-3+b1_amd64.deb ...
#15 414.1 Unpacking libdvdnav4:amd64 (6.1.1-3+b1) ...
#15 414.1 Selecting previously unselected package libgme0:amd64.
#15 414.1 Preparing to unpack .../171-libgme0_0.6.3-7+b2_amd64.deb ...
#15 414.1 Unpacking libgme0:amd64 (0.6.3-7+b2) ...
#15 414.2 Selecting previously unselected package libmpg123-0t64:amd64.
#15 414.2 Preparing to unpack .../172-libmpg123-0t64_1.32.10-1+deb13u1_amd64.deb ...
#15 414.2 Unpacking libmpg123-0t64:amd64 (1.32.10-1+deb13u1) ...
#15 414.3 Selecting previously unselected package libvorbisfile3:amd64.
#15 414.3 Preparing to unpack .../173-libvorbisfile3_1.3.7-3_amd64.deb ...
#15 414.3 Unpacking libvorbisfile3:amd64 (1.3.7-3) ...
#15 414.4 Selecting previously unselected package libopenmpt0t64:amd64.
#15 414.4 Preparing to unpack .../174-libopenmpt0t64_0.7.13-1+b1_amd64.deb ...
#15 414.4 Unpacking libopenmpt0t64:amd64 (0.7.13-1+b1) ...
#15 414.5 Selecting previously unselected package librabbitmq4:amd64.
#15 414.5 Preparing to unpack .../175-librabbitmq4_0.15.0-1_amd64.deb ...
#15 414.5 Unpacking librabbitmq4:amd64 (0.15.0-1) ...
#15 414.6 Selecting previously unselected package libcjson1:amd64.
#15 414.6 Preparing to unpack .../176-libcjson1_1.7.18-3.1+deb13u1_amd64.deb ...
#15 414.6 Unpacking libcjson1:amd64 (1.7.18-3.1+deb13u1) ...
#15 414.7 Selecting previously unselected package libmbedcrypto16:amd64.
#15 414.7 Preparing to unpack .../177-libmbedcrypto16_3.6.5-0.1~deb13u1_amd64.deb ...
#15 414.7 Unpacking libmbedcrypto16:amd64 (3.6.5-0.1~deb13u1) ...
#15 414.8 Selecting previously unselected package librist4:amd64.
#15 414.8 Preparing to unpack .../178-librist4_0.2.11+dfsg-1_amd64.deb ...
#15 414.8 Unpacking librist4:amd64 (0.2.11+dfsg-1) ...
#15 414.8 Selecting previously unselected package libsrt1.5-gnutls:amd64.
#15 414.8 Preparing to unpack .../179-libsrt1.5-gnutls_1.5.4-1_amd64.deb ...
#15 414.9 Unpacking libsrt1.5-gnutls:amd64 (1.5.4-1) ...
#15 414.9 Selecting previously unselected package libssh-4:amd64.
#15 415.0 Preparing to unpack .../180-libssh-4_0.11.2-1+deb13u1_amd64.deb ...
#15 415.0 Unpacking libssh-4:amd64 (0.11.2-1+deb13u1) ...
#15 415.0 Selecting previously unselected package libnorm1t64:amd64.
#15 415.0 Preparing to unpack .../181-libnorm1t64_1.5.9+dfsg-3.1+b2_amd64.deb ...
#15 415.1 Unpacking libnorm1t64:amd64 (1.5.9+dfsg-3.1+b2) ...
#15 415.1 Selecting previously unselected package libpgm-5.3-0t64:amd64.
#15 415.1 Preparing to unpack .../182-libpgm-5.3-0t64_5.3.128~dfsg-2.1+b1_amd64.deb ...
#15 415.1 Unpacking libpgm-5.3-0t64:amd64 (5.3.128~dfsg-2.1+b1) ...
#15 415.2 Selecting previously unselected package libsodium23:amd64.
#15 415.2 Preparing to unpack .../183-libsodium23_1.0.18-1+deb13u1_amd64.deb ...
#15 415.2 Unpacking libsodium23:amd64 (1.0.18-1+deb13u1) ...
#15 415.3 Selecting previously unselected package libzmq5:amd64.
#15 415.3 Preparing to unpack .../184-libzmq5_4.3.5-1+b3_amd64.deb ...
#15 415.3 Unpacking libzmq5:amd64 (4.3.5-1+b3) ...
#15 415.4 Selecting previously unselected package libavformat61:amd64.
#15 415.4 Preparing to unpack .../185-libavformat61_7%3a7.1.3-0+deb13u1_amd64.deb ...
#15 415.4 Unpacking libavformat61:amd64 (7:7.1.3-0+deb13u1) ...
#15 415.5 Selecting previously unselected package libbs2b0:amd64.
#15 415.5 Preparing to unpack .../186-libbs2b0_3.1.0+dfsg-8+b1_amd64.deb ...
#15 415.5 Unpacking libbs2b0:amd64 (3.1.0+dfsg-8+b1) ...
#15 415.6 Selecting previously unselected package libflite1:amd64.
#15 415.6 Preparing to unpack .../187-libflite1_2.2-7_amd64.deb ...
#15 415.6 Unpacking libflite1:amd64 (2.2-7) ...
#15 416.2 Selecting previously unselected package libserd-0-0:amd64.
#15 416.2 Preparing to unpack .../188-libserd-0-0_0.32.4-1_amd64.deb ...
#15 416.2 Unpacking libserd-0-0:amd64 (0.32.4-1) ...
#15 416.2 Selecting previously unselected package libzix-0-0:amd64.
#15 416.3 Preparing to unpack .../189-libzix-0-0_0.6.2-1_amd64.deb ...
#15 416.3 Unpacking libzix-0-0:amd64 (0.6.2-1) ...
#15 416.3 Selecting previously unselected package libsord-0-0:amd64.
#15 416.3 Preparing to unpack .../190-libsord-0-0_0.16.18-1_amd64.deb ...
#15 416.4 Unpacking libsord-0-0:amd64 (0.16.18-1) ...
#15 416.4 Selecting previously unselected package libsratom-0-0:amd64.
#15 416.4 Preparing to unpack .../191-libsratom-0-0_0.6.18-1_amd64.deb ...
#15 416.4 Unpacking libsratom-0-0:amd64 (0.6.18-1) ...
#15 416.5 Selecting previously unselected package liblilv-0-0:amd64.
#15 416.5 Preparing to unpack .../192-liblilv-0-0_0.24.26-1_amd64.deb ...
#15 416.5 Unpacking liblilv-0-0:amd64 (0.24.26-1) ...
#15 416.6 Selecting previously unselected package libmysofa1:amd64.
#15 416.6 Preparing to unpack .../193-libmysofa1_1.3.3+dfsg-1_amd64.deb ...
#15 416.6 Unpacking libmysofa1:amd64 (1.3.3+dfsg-1) ...
#15 416.7 Selecting previously unselected package libvulkan1:amd64.
#15 416.7 Preparing to unpack .../194-libvulkan1_1.4.309.0-1_amd64.deb ...
#15 416.7 Unpacking libvulkan1:amd64 (1.4.309.0-1) ...
#15 416.8 Selecting previously unselected package libplacebo349:amd64.
#15 416.8 Preparing to unpack .../195-libplacebo349_7.349.0-3_amd64.deb ...
#15 416.8 Unpacking libplacebo349:amd64 (7.349.0-3) ...
#15 416.9 Selecting previously unselected package libblas3:amd64.
#15 416.9 Preparing to unpack .../196-libblas3_3.12.1-6_amd64.deb ...
#15 417.0 Unpacking libblas3:amd64 (3.12.1-6) ...
#15 417.0 Selecting previously unselected package libgfortran5:amd64.
#15 417.0 Preparing to unpack .../197-libgfortran5_14.2.0-19_amd64.deb ...
#15 417.0 Unpacking libgfortran5:amd64 (14.2.0-19) ...
#15 417.1 Selecting previously unselected package liblapack3:amd64.
#15 417.2 Preparing to unpack .../198-liblapack3_3.12.1-6_amd64.deb ...
#15 417.2 Unpacking liblapack3:amd64 (3.12.1-6) ...
#15 417.3 Selecting previously unselected package libasyncns0:amd64.
#15 417.3 Preparing to unpack .../199-libasyncns0_0.8-6+b5_amd64.deb ...
#15 417.3 Unpacking libasyncns0:amd64 (0.8-6+b5) ...
#15 417.4 Selecting previously unselected package libdbus-1-3:amd64.
#15 417.4 Preparing to unpack .../200-libdbus-1-3_1.16.2-2_amd64.deb ...
#15 417.4 Unpacking libdbus-1-3:amd64 (1.16.2-2) ...
#15 417.5 Selecting previously unselected package libflac14:amd64.
#15 417.5 Preparing to unpack .../201-libflac14_1.5.0+ds-2_amd64.deb ...
#15 417.5 Unpacking libflac14:amd64 (1.5.0+ds-2) ...
#15 417.6 Selecting previously unselected package libsndfile1:amd64.
#15 417.6 Preparing to unpack .../202-libsndfile1_1.2.2-2+deb13u1_amd64.deb ...
#15 417.6 Unpacking libsndfile1:amd64 (1.2.2-2+deb13u1) ...
#15 417.7 Selecting previously unselected package libpulse0:amd64.
#15 417.7 Preparing to unpack .../203-libpulse0_17.0+dfsg1-2+b1_amd64.deb ...
#15 417.7 Unpacking libpulse0:amd64 (17.0+dfsg1-2+b1) ...
#15 417.8 Selecting previously unselected package libsphinxbase3t64:amd64.
#15 417.8 Preparing to unpack .../204-libsphinxbase3t64_0.8+5prealpha+1-21+b1_amd64.deb ...
#15 417.8 Unpacking libsphinxbase3t64:amd64 (0.8+5prealpha+1-21+b1) ...
#15 417.9 Selecting previously unselected package libpocketsphinx3:amd64.
#15 417.9 Preparing to unpack .../205-libpocketsphinx3_0.8+5prealpha+1-15+b4_amd64.deb ...
#15 417.9 Unpacking libpocketsphinx3:amd64 (0.8+5prealpha+1-15+b4) ...
#15 417.9 Selecting previously unselected package libpostproc58:amd64.
#15 417.9 Preparing to unpack .../206-libpostproc58_7%3a7.1.3-0+deb13u1_amd64.deb ...
#15 418.0 Unpacking libpostproc58:amd64 (7:7.1.3-0+deb13u1) ...
#15 418.0 Selecting previously unselected package libfftw3-double3:amd64.
#15 418.0 Preparing to unpack .../207-libfftw3-double3_3.3.10-2+b1_amd64.deb ...
#15 418.0 Unpacking libfftw3-double3:amd64 (3.3.10-2+b1) ...
#15 418.1 Selecting previously unselected package libsamplerate0:amd64.
#15 418.1 Preparing to unpack .../208-libsamplerate0_0.2.2-4+b2_amd64.deb ...
#15 418.1 Unpacking libsamplerate0:amd64 (0.2.2-4+b2) ...
#15 418.2 Selecting previously unselected package librubberband2:amd64.
#15 418.2 Preparing to unpack .../209-librubberband2_3.3.0+dfsg-2+b3_amd64.deb ...
#15 418.2 Unpacking librubberband2:amd64 (3.3.0+dfsg-2+b3) ...
#15 418.3 Selecting previously unselected package libswscale8:amd64.
#15 418.3 Preparing to unpack .../210-libswscale8_7%3a7.1.3-0+deb13u1_amd64.deb ...
#15 418.3 Unpacking libswscale8:amd64 (7:7.1.3-0+deb13u1) ...
#15 418.4 Selecting previously unselected package libvidstab1.1:amd64.
#15 418.4 Preparing to unpack .../211-libvidstab1.1_1.1.0-2+b2_amd64.deb ...
#15 418.4 Unpacking libvidstab1.1:amd64 (1.1.0-2+b2) ...
#15 418.5 Selecting previously unselected package libzimg2:amd64.
#15 418.5 Preparing to unpack .../212-libzimg2_3.0.5+ds1-1+b2_amd64.deb ...
#15 418.5 Unpacking libzimg2:amd64 (3.0.5+ds1-1+b2) ...
#15 418.6 Selecting previously unselected package libavfilter10:amd64.
#15 418.6 Preparing to unpack .../213-libavfilter10_7%3a7.1.3-0+deb13u1_amd64.deb ...
#15 418.6 Unpacking libavfilter10:amd64 (7:7.1.3-0+deb13u1) ...
#15 418.8 Selecting previously unselected package libslang2:amd64.
#15 418.8 Preparing to unpack .../214-libslang2_2.3.3-5+b2_amd64.deb ...
#15 418.8 Unpacking libslang2:amd64 (2.3.3-5+b2) ...
#15 418.9 Selecting previously unselected package libcaca0:amd64.
#15 418.9 Preparing to unpack .../215-libcaca0_0.99.beta20-5_amd64.deb ...
#15 418.9 Unpacking libcaca0:amd64 (0.99.beta20-5) ...
#15 419.0 Selecting previously unselected package libcdio19t64:amd64.
#15 419.0 Preparing to unpack .../216-libcdio19t64_2.2.0-4_amd64.deb ...
#15 419.0 Unpacking libcdio19t64:amd64 (2.2.0-4) ...
#15 419.1 Selecting previously unselected package libcdio-cdda2t64:amd64.
#15 419.1 Preparing to unpack .../217-libcdio-cdda2t64_10.2+2.0.2-1+b1_amd64.deb ...
#15 419.1 Unpacking libcdio-cdda2t64:amd64 (10.2+2.0.2-1+b1) ...
#15 419.2 Selecting previously unselected package libcdio-paranoia2t64:amd64.
#15 419.2 Preparing to unpack .../218-libcdio-paranoia2t64_10.2+2.0.2-1+b1_amd64.deb ...
#15 419.2 Unpacking libcdio-paranoia2t64:amd64 (10.2+2.0.2-1+b1) ...
#15 419.3 Selecting previously unselected package libusb-1.0-0:amd64.
#15 419.3 Preparing to unpack .../219-libusb-1.0-0_2%3a1.0.28-1_amd64.deb ...
#15 419.3 Unpacking libusb-1.0-0:amd64 (2:1.0.28-1) ...
#15 419.3 Selecting previously unselected package libdc1394-25:amd64.
#15 419.3 Preparing to unpack .../220-libdc1394-25_2.2.6-5_amd64.deb ...
#15 419.3 Unpacking libdc1394-25:amd64 (2.2.6-5) ...
#15 419.4 Selecting previously unselected package libglvnd0:amd64.
#15 419.4 Preparing to unpack .../221-libglvnd0_1.7.0-1+b2_amd64.deb ...
#15 419.4 Unpacking libglvnd0:amd64 (1.7.0-1+b2) ...
#15 419.5 Selecting previously unselected package libxcb-glx0:amd64.
#15 419.5 Preparing to unpack .../222-libxcb-glx0_1.17.0-2+b1_amd64.deb ...
#15 419.5 Unpacking libxcb-glx0:amd64 (1.17.0-2+b1) ...
#15 419.6 Selecting previously unselected package libxcb-present0:amd64.
#15 419.6 Preparing to unpack .../223-libxcb-present0_1.17.0-2+b1_amd64.deb ...
#15 419.6 Unpacking libxcb-present0:amd64 (1.17.0-2+b1) ...
#15 419.7 Selecting previously unselected package libxcb-xfixes0:amd64.
#15 419.7 Preparing to unpack .../224-libxcb-xfixes0_1.17.0-2+b1_amd64.deb ...
#15 419.7 Unpacking libxcb-xfixes0:amd64 (1.17.0-2+b1) ...
#15 419.8 Selecting previously unselected package libxxf86vm1:amd64.
#15 419.8 Preparing to unpack .../225-libxxf86vm1_1%3a1.1.4-1+b4_amd64.deb ...
#15 419.8 Unpacking libxxf86vm1:amd64 (1:1.1.4-1+b4) ...
#15 419.8 Selecting previously unselected package libdrm-amdgpu1:amd64.
#15 419.8 Preparing to unpack .../226-libdrm-amdgpu1_2.4.124-2_amd64.deb ...
#15 419.8 Unpacking libdrm-amdgpu1:amd64 (2.4.124-2) ...
#15 419.9 Selecting previously unselected package libpciaccess0:amd64.
#15 419.9 Preparing to unpack .../227-libpciaccess0_0.17-3+b3_amd64.deb ...
#15 419.9 Unpacking libpciaccess0:amd64 (0.17-3+b3) ...
#15 420.0 Selecting previously unselected package libdrm-intel1:amd64.
#15 420.0 Preparing to unpack .../228-libdrm-intel1_2.4.124-2_amd64.deb ...
#15 420.0 Unpacking libdrm-intel1:amd64 (2.4.124-2) ...
#15 420.1 Selecting previously unselected package libelf1t64:amd64.
#15 420.1 Preparing to unpack .../229-libelf1t64_0.192-4_amd64.deb ...
#15 420.1 Unpacking libelf1t64:amd64 (0.192-4) ...
#15 420.2 Selecting previously unselected package libedit2:amd64.
#15 420.2 Preparing to unpack .../230-libedit2_3.1-20250104-1_amd64.deb ...
#15 420.2 Unpacking libedit2:amd64 (3.1-20250104-1) ...
#15 420.2 Selecting previously unselected package libz3-4:amd64.
#15 420.2 Preparing to unpack .../231-libz3-4_4.13.3-1_amd64.deb ...
#15 420.2 Unpacking libz3-4:amd64 (4.13.3-1) ...
#15 420.6 Selecting previously unselected package libllvm19:amd64.
#15 420.6 Preparing to unpack .../232-libllvm19_1%3a19.1.7-3+b1_amd64.deb ...
#15 420.6 Unpacking libllvm19:amd64 (1:19.1.7-3+b1) ...
#15 421.4 Selecting previously unselected package libsensors-config.
#15 421.4 Preparing to unpack .../233-libsensors-config_1%3a3.6.2-2_all.deb ...
#15 421.4 Unpacking libsensors-config (1:3.6.2-2) ...
#15 421.5 Selecting previously unselected package libsensors5:amd64.
#15 421.5 Preparing to unpack .../234-libsensors5_1%3a3.6.2-2_amd64.deb ...
#15 421.5 Unpacking libsensors5:amd64 (1:3.6.2-2) ...
#15 421.6 Selecting previously unselected package libxcb-randr0:amd64.
#15 421.6 Preparing to unpack .../235-libxcb-randr0_1.17.0-2+b1_amd64.deb ...
#15 421.6 Unpacking libxcb-randr0:amd64 (1.17.0-2+b1) ...
#15 421.6 Selecting previously unselected package libxcb-sync1:amd64.
#15 421.6 Preparing to unpack .../236-libxcb-sync1_1.17.0-2+b1_amd64.deb ...
#15 421.6 Unpacking libxcb-sync1:amd64 (1.17.0-2+b1) ...
#15 421.7 Selecting previously unselected package libxshmfence1:amd64.
#15 421.7 Preparing to unpack .../237-libxshmfence1_1.3.3-1_amd64.deb ...
#15 421.7 Unpacking libxshmfence1:amd64 (1.3.3-1) ...
#15 421.8 Selecting previously unselected package mesa-libgallium:amd64.
#15 421.8 Preparing to unpack .../238-mesa-libgallium_25.0.7-2_amd64.deb ...
#15 421.8 Unpacking mesa-libgallium:amd64 (25.0.7-2) ...
#15 422.3 Selecting previously unselected package libwayland-server0:amd64.
#15 422.3 Preparing to unpack .../239-libwayland-server0_1.23.1-3_amd64.deb ...
#15 422.3 Unpacking libwayland-server0:amd64 (1.23.1-3) ...
#15 422.4 Selecting previously unselected package libgbm1:amd64.
#15 422.4 Preparing to unpack .../240-libgbm1_25.0.7-2_amd64.deb ...
#15 422.4 Unpacking libgbm1:amd64 (25.0.7-2) ...
#15 422.4 Selecting previously unselected package libgl1-mesa-dri:amd64.
#15 422.4 Preparing to unpack .../241-libgl1-mesa-dri_25.0.7-2_amd64.deb ...
#15 422.5 Unpacking libgl1-mesa-dri:amd64 (25.0.7-2) ...
#15 422.5 Selecting previously unselected package libglx-mesa0:amd64.
#15 422.5 Preparing to unpack .../242-libglx-mesa0_25.0.7-2_amd64.deb ...
#15 422.5 Unpacking libglx-mesa0:amd64 (25.0.7-2) ...
#15 422.6 Selecting previously unselected package libglx0:amd64.
#15 422.6 Preparing to unpack .../243-libglx0_1.7.0-1+b2_amd64.deb ...
#15 422.6 Unpacking libglx0:amd64 (1.7.0-1+b2) ...
#15 422.7 Selecting previously unselected package libgl1:amd64.
#15 422.7 Preparing to unpack .../244-libgl1_1.7.0-1+b2_amd64.deb ...
#15 422.7 Unpacking libgl1:amd64 (1.7.0-1+b2) ...
#15 422.8 Selecting previously unselected package libiec61883-0:amd64.
#15 422.8 Preparing to unpack .../245-libiec61883-0_1.2.0-7_amd64.deb ...
#15 422.8 Unpacking libiec61883-0:amd64 (1.2.0-7) ...
#15 422.9 Selecting previously unselected package libjack-jackd2-0:amd64.
#15 422.9 Preparing to unpack .../246-libjack-jackd2-0_1.9.22~dfsg-4_amd64.deb ...
#15 422.9 Unpacking libjack-jackd2-0:amd64 (1.9.22~dfsg-4) ...
#15 422.9 Selecting previously unselected package libopenal-data.
#15 422.9 Preparing to unpack .../247-libopenal-data_1%3a1.24.2-1_all.deb ...
#15 423.0 Unpacking libopenal-data (1:1.24.2-1) ...
#15 423.0 Selecting previously unselected package libopenal1:amd64.
#15 423.0 Preparing to unpack .../248-libopenal1_1%3a1.24.2-1_amd64.deb ...
#15 423.0 Unpacking libopenal1:amd64 (1:1.24.2-1) ...
#15 423.1 Selecting previously unselected package libwayland-client0:amd64.
#15 423.1 Preparing to unpack .../249-libwayland-client0_1.23.1-3_amd64.deb ...
#15 423.1 Unpacking libwayland-client0:amd64 (1.23.1-3) ...
#15 423.2 Selecting previously unselected package libdecor-0-0:amd64.
#15 423.2 Preparing to unpack .../250-libdecor-0-0_0.2.2-2_amd64.deb ...
#15 423.2 Unpacking libdecor-0-0:amd64 (0.2.2-2) ...
#15 423.3 Selecting previously unselected package libwayland-cursor0:amd64.
#15 423.3 Preparing to unpack .../251-libwayland-cursor0_1.23.1-3_amd64.deb ...
#15 423.3 Unpacking libwayland-cursor0:amd64 (1.23.1-3) ...
#15 423.4 Selecting previously unselected package libwayland-egl1:amd64.
#15 423.4 Preparing to unpack .../252-libwayland-egl1_1.23.1-3_amd64.deb ...
#15 423.4 Unpacking libwayland-egl1:amd64 (1.23.1-3) ...
#15 423.5 Selecting previously unselected package libxcursor1:amd64.
#15 423.5 Preparing to unpack .../253-libxcursor1_1%3a1.2.3-1_amd64.deb ...
#15 423.5 Unpacking libxcursor1:amd64 (1:1.2.3-1) ...
#15 423.6 Selecting previously unselected package libxi6:amd64.
#15 423.6 Preparing to unpack .../254-libxi6_2%3a1.8.2-1_amd64.deb ...
#15 423.6 Unpacking libxi6:amd64 (2:1.8.2-1) ...
#15 423.6 Selecting previously unselected package xkb-data.
#15 423.6 Preparing to unpack .../255-xkb-data_2.42-1_all.deb ...
#15 423.7 Unpacking xkb-data (2.42-1) ...
#15 423.8 Selecting previously unselected package libxkbcommon0:amd64.
#15 423.8 Preparing to unpack .../256-libxkbcommon0_1.7.0-2_amd64.deb ...
#15 423.8 Unpacking libxkbcommon0:amd64 (1.7.0-2) ...
#15 423.8 Selecting previously unselected package libxrandr2:amd64.
#15 423.8 Preparing to unpack .../257-libxrandr2_2%3a1.5.4-1+b3_amd64.deb ...
#15 423.9 Unpacking libxrandr2:amd64 (2:1.5.4-1+b3) ...
#15 423.9 Selecting previously unselected package x11-common.
#15 423.9 Preparing to unpack .../258-x11-common_1%3a7.7+24+deb13u1_all.deb ...
#15 424.0 Unpacking x11-common (1:7.7+24+deb13u1) ...
#15 424.0 Selecting previously unselected package libxss1:amd64.
#15 424.0 Preparing to unpack .../259-libxss1_1%3a1.2.3-1+b3_amd64.deb ...
#15 424.0 Unpacking libxss1:amd64 (1:1.2.3-1+b3) ...
#15 424.1 Selecting previously unselected package libsdl2-2.0-0:amd64.
#15 424.1 Preparing to unpack .../260-libsdl2-2.0-0_2.32.4+dfsg-1_amd64.deb ...
#15 424.1 Unpacking libsdl2-2.0-0:amd64 (2.32.4+dfsg-1) ...
#15 424.2 Selecting previously unselected package libxcb-shape0:amd64.
#15 424.2 Preparing to unpack .../261-libxcb-shape0_1.17.0-2+b1_amd64.deb ...
#15 424.2 Unpacking libxcb-shape0:amd64 (1.17.0-2+b1) ...
#15 424.3 Selecting previously unselected package libxv1:amd64.
#15 424.3 Preparing to unpack .../262-libxv1_2%3a1.0.11-1.1+b3_amd64.deb ...
#15 424.3 Unpacking libxv1:amd64 (2:1.0.11-1.1+b3) ...
#15 424.4 Selecting previously unselected package libavdevice61:amd64.
#15 424.4 Preparing to unpack .../263-libavdevice61_7%3a7.1.3-0+deb13u1_amd64.deb ...
#15 424.4 Unpacking libavdevice61:amd64 (7:7.1.3-0+deb13u1) ...
#15 424.5 Selecting previously unselected package ffmpeg.
#15 424.5 Preparing to unpack .../264-ffmpeg_7%3a7.1.3-0+deb13u1_amd64.deb ...
#15 424.5 Unpacking ffmpeg (7:7.1.3-0+deb13u1) ...
#15 424.6 Selecting previously unselected package libpq5:amd64.
#15 424.6 Preparing to unpack .../265-libpq5_17.9-0+deb13u1_amd64.deb ...
#15 424.6 Unpacking libpq5:amd64 (17.9-0+deb13u1) ...
#15 424.7 Selecting previously unselected package libssl-dev:amd64.
#15 424.7 Preparing to unpack .../266-libssl-dev_3.5.5-1~deb13u1_amd64.deb ...
#15 424.7 Unpacking libssl-dev:amd64 (3.5.5-1~deb13u1) ...
#15 424.9 Selecting previously unselected package libpq-dev.
#15 424.9 Preparing to unpack .../267-libpq-dev_17.9-0+deb13u1_amd64.deb ...
#15 424.9 Unpacking libpq-dev (17.9-0+deb13u1) ...
#15 424.9 Setting up libgme0:amd64 (0.6.3-7+b2) ...
#15 425.0 Setting up libchromaprint1:amd64 (1.5.1-7) ...
#15 425.0 Setting up libhwy1t64:amd64 (1.2.0-2+b2) ...
#15 425.0 Setting up libexpat1:amd64 (2.7.1-2) ...
#15 425.0 Setting up libgraphite2-3:amd64 (1.3.14-2+b1) ...
#15 425.1 Setting up liblcms2-2:amd64 (2.16-2) ...
#15 425.1 Setting up libpixman-1-0:amd64 (0.44.0-3) ...
#15 425.1 Setting up libdvdread8t64:amd64 (6.1.3-2) ...
#15 425.1 Setting up libudfread0:amd64 (1.1.2-1+b2) ...
#15 425.2 Setting up libnorm1t64:amd64 (1.5.9+dfsg-3.1+b2) ...
#15 425.2 Setting up libsharpyuv0:amd64 (1.5.0-0.1) ...
#15 425.2 Setting up libwayland-server0:amd64 (1.23.1-3) ...
#15 425.2 Setting up libaom3:amd64 (3.12.1-1) ...
#15 425.3 Setting up libpciaccess0:amd64 (0.17-3+b3) ...
#15 425.3 Setting up librabbitmq4:amd64 (0.15.0-1) ...
#15 425.3 Setting up libxau6:amd64 (1:1.0.11-1) ...
#15 425.3 Setting up libxdmcp6:amd64 (1:1.1.5-1) ...
#15 425.4 Setting up libraw1394-11:amd64 (2.1.2-2+b2) ...
#15 425.4 Setting up libkeyutils1:amd64 (1.6.3-6) ...
#15 425.4 Setting up libxcb1:amd64 (1.17.0-2+b1) ...
#15 425.4 Setting up libsodium23:amd64 (1.0.18-1+deb13u1) ...
#15 425.5 Setting up libxcb-xfixes0:amd64 (1.17.0-2+b1) ...
#15 425.5 Setting up libogg0:amd64 (1.3.5-3+b2) ...
#15 425.5 Setting up liblerc4:amd64 (4.0.0+ds-5) ...
#15 425.5 Setting up libspeex1:amd64 (1.2.1-3) ...
#15 425.6 Setting up libshine3:amd64 (3.1.1-2+b2) ...
#15 425.6 Setting up libvpl2 (1:2.14.0-1+b1) ...
#15 425.6 Setting up libx264-164:amd64 (2:0.164.3108+git31e19f9-2+b1) ...
#15 425.7 Setting up libtwolame0:amd64 (0.4.0-2+b2) ...
#15 425.7 Setting up libdatrie1:amd64 (0.2.13-3+b1) ...
#15 425.7 Setting up libgdbm-compat4t64:amd64 (1.24-2) ...
#15 425.7 Setting up libgsm1:amd64 (1.0.22-1+b2) ...
#15 425.8 Setting up libxcb-render0:amd64 (1.17.0-2+b1) ...
#15 425.8 Setting up libzix-0-0:amd64 (0.6.2-1) ...
#15 425.8 Setting up libglvnd0:amd64 (1.7.0-1+b2) ...
#15 425.8 Setting up libcodec2-1.2:amd64 (1.2.0-3) ...
#15 425.9 Setting up libxcb-glx0:amd64 (1.17.0-2+b1) ...
#15 425.9 Setting up libbrotli1:amd64 (1.1.0-2+b7) ...
#15 425.9 Setting up libedit2:amd64 (3.1-20250104-1) ...
#15 426.0 Setting up libgdk-pixbuf2.0-common (2.42.12+dfsg-4) ...
#15 426.0 Setting up libmysofa1:amd64 (1.3.3+dfsg-1) ...
#15 426.0 Setting up libxcb-shape0:amd64 (1.17.0-2+b1) ...
#15 426.0 Setting up binutils-common:amd64 (2.44-3) ...
#15 426.1 Setting up x11-common (1:7.7+24+deb13u1) ...
#15 426.3 debconf: unable to initialize frontend: Dialog
#15 426.3 debconf: (TERM is not set, so the dialog frontend is not usable.)
#15 426.3 debconf: falling back to frontend: Readline
#15 426.3 debconf: unable to initialize frontend: Readline
#15 426.3 debconf: (This frontend requires a controlling tty.)
#15 426.3 debconf: falling back to frontend: Teletype
#15 426.3 debconf: unable to initialize frontend: Teletype
#15 426.3 debconf: (This frontend requires a controlling tty.)
#15 426.3 debconf: falling back to frontend: Noninteractive
#15 426.3 invoke-rc.d: could not determine current runlevel
#15 426.3 invoke-rc.d: policy-rc.d denied execution of start.
#15 426.3 Setting up libsensors-config (1:3.6.2-2) ...
#15 426.3 Setting up libnghttp2-14:amd64 (1.64.0-1.1) ...
#15 426.4 Setting up libcdio19t64:amd64 (2.2.0-4) ...
#15 426.4 Setting up libdeflate0:amd64 (1.23-2) ...
#15 426.4 Setting up linux-libc-dev (6.12.74-2) ...
#15 426.5 Setting up libctf-nobfd0:amd64 (2.44-3) ...
#15 426.5 Setting up xkb-data (2.42-1) ...
#15 426.5 Setting up libxcb-shm0:amd64 (1.17.0-2+b1) ...
#15 426.5 Setting up libcom-err2:amd64 (1.47.2-3+b10) ...
#15 426.6 Setting up libmpg123-0t64:amd64 (1.32.10-1+deb13u1) ...
#15 426.6 Setting up libgomp1:amd64 (14.2.0-19) ...
#15 426.6 Setting up libcjson1:amd64 (1.7.18-3.1+deb13u1) ...
#15 426.6 Setting up libxvidcore4:amd64 (2:1.3.7-1+b2) ...
#15 426.7 Setting up bzip2 (1.0.8-6) ...
#15 426.7 Setting up libjbig0:amd64 (2.1-6.1+b2) ...
#15 426.7 Setting up libsframe1:amd64 (2.44-3) ...
#15 426.7 Setting up libelf1t64:amd64 (0.192-4) ...
#15 426.8 Setting up libjansson4:amd64 (2.14-2+b3) ...
#15 426.8 Setting up libsnappy1v5:amd64 (1.2.2-1) ...
#15 426.8 Setting up libcdio-cdda2t64:amd64 (10.2+2.0.2-1+b1) ...
#15 426.8 Setting up libkrb5support0:amd64 (1.21.3-5) ...
#15 426.9 Setting up libsasl2-modules-db:amd64 (2.1.28+dfsg1-9) ...
#15 426.9 Setting up libxcb-present0:amd64 (1.17.0-2+b1) ...
#15 426.9 Setting up libasound2-data (1.2.14-1) ...
#15 426.9 Setting up libpgm-5.3-0t64:amd64 (5.3.128~dfsg-2.1+b1) ...
#15 427.0 Setting up libtheoraenc1:amd64 (1.2.0~alpha1+dfsg-6) ...
#15 427.0 Setting up libz3-4:amd64 (4.13.3-1) ...
#15 427.0 Setting up libblas3:amd64 (3.12.1-6) ...
#15 427.0 update-alternatives: using /usr/lib/x86_64-linux-gnu/blas/libblas.so.3 to provide /usr/lib/x86_64-linux-gnu/libblas.so.3 (libblas.so.3-x86_64-linux-gnu) in auto mode
#15 427.1 Setting up rpcsvc-proto (1.4.3-1) ...
#15 427.1 Setting up libasound2t64:amd64 (1.2.14-1) ...
#15 427.1 Setting up libjpeg62-turbo:amd64 (1:2.1.5-4) ...
#15 427.2 Setting up libslang2:amd64 (2.3.3-5+b2) ...
#15 427.2 Setting up libva2:amd64 (2.22.0-3) ...
#15 427.2 Setting up libx11-data (2:1.8.12-1) ...
#15 427.2 Setting up make (4.4.1-2) ...
#15 427.3 Setting up libsvtav1enc2:amd64 (2.3.0+dfsg-1) ...
#15 427.3 Setting up libmpfr6:amd64 (4.2.2-1) ...
#15 427.3 Setting up libxcb-sync1:amd64 (1.17.0-2+b1) ...
#15 427.4 Setting up libdbus-1-3:amd64 (1.16.2-2) ...
#15 427.4 Setting up xz-utils (5.8.1-1) ...
#15 427.4 update-alternatives: using /usr/bin/xz to provide /usr/bin/lzma (lzma) in auto mode
#15 427.4 update-alternatives: warning: skip creation of /usr/share/man/man1/lzma.1.gz because associated file /usr/share/man/man1/xz.1.gz (of link group lzma) doesn't exist
#15 427.4 update-alternatives: warning: skip creation of /usr/share/man/man1/unlzma.1.gz because associated file /usr/share/man/man1/unxz.1.gz (of link group lzma) doesn't exist
#15 427.4 update-alternatives: warning: skip creation of /usr/share/man/man1/lzcat.1.gz because associated file /usr/share/man/man1/xzcat.1.gz (of link group lzma) doesn't exist
#15 427.4 update-alternatives: warning: skip creation of /usr/share/man/man1/lzmore.1.gz because associated file /usr/share/man/man1/xzmore.1.gz (of link group lzma) doesn't exist
#15 427.4 update-alternatives: warning: skip creation of /usr/share/man/man1/lzless.1.gz because associated file /usr/share/man/man1/xzless.1.gz (of link group lzma) doesn't exist
#15 427.4 update-alternatives: warning: skip creation of /usr/share/man/man1/lzdiff.1.gz because associated file /usr/share/man/man1/xzdiff.1.gz (of link group lzma) doesn't exist
#15 427.4 update-alternatives: warning: skip creation of /usr/share/man/man1/lzcmp.1.gz because associated file /usr/share/man/man1/xzcmp.1.gz (of link group lzma) doesn't exist
#15 427.4 update-alternatives: warning: skip creation of /usr/share/man/man1/lzgrep.1.gz because associated file /usr/share/man/man1/xzgrep.1.gz (of link group lzma) doesn't exist
#15 427.4 update-alternatives: warning: skip creation of /usr/share/man/man1/lzegrep.1.gz because associated file /usr/share/man/man1/xzegrep.1.gz (of link group lzma) doesn't exist
#15 427.4 update-alternatives: warning: skip creation of /usr/share/man/man1/lzfgrep.1.gz because associated file /usr/share/man/man1/xzfgrep.1.gz (of link group lzma) doesn't exist
#15 427.4 Setting up libfribidi0:amd64 (1.0.16-1) ...
#15 427.4 Setting up libopus0:amd64 (1.5.2-2) ...
#15 427.5 Setting up libquadmath0:amd64 (14.2.0-19) ...
#15 427.5 Setting up libp11-kit0:amd64 (0.25.5-3) ...
#15 427.5 Setting up libcdio-paranoia2t64:amd64 (10.2+2.0.2-1+b1) ...
#15 427.5 Setting up libunistring5:amd64 (1.3-2) ...
#15 427.6 Setting up fonts-dejavu-mono (2.37-8) ...
#15 427.6 Setting up libssl-dev:amd64 (3.5.5-1~deb13u1) ...
#15 427.7 Setting up libpng16-16t64:amd64 (1.6.48-1+deb13u3) ...
#15 427.7 Setting up libmpc3:amd64 (1.3.1-1+b3) ...
#15 427.7 Setting up libatomic1:amd64 (14.2.0-19) ...
#15 426.1 Setting up libvorbis0a:amd64 (1.3.7-3) ...
#15 426.1 Setting up patch (2.8-2) ...
#15 426.1 Setting up fonts-dejavu-core (2.37-8) ...
#15 426.2 Setting up libflac14:amd64 (1.5.0+ds-2) ...
#15 426.3 Setting up libsensors5:amd64 (1:3.6.2-2) ...
#15 426.3 Setting up libk5crypto3:amd64 (1.21.3-5) ...
#15 426.3 Setting up libfftw3-double3:amd64 (3.3.10-2+b1) ...
#15 426.3 Setting up libsasl2-2:amd64 (2.1.28+dfsg1-9) ...
#15 426.4 Setting up libgfortran5:amd64 (14.2.0-19) ...
#15 426.4 Setting up libvulkan1:amd64 (1.4.309.0-1) ...
#15 426.4 Setting up libnghttp3-9:amd64 (1.8.0-1) ...
#15 426.4 Setting up libwebp7:amd64 (1.5.0-0.1) ...
#15 426.5 Setting up libubsan1:amd64 (14.2.0-19) ...
#15 426.5 Setting up libnuma1:amd64 (2.0.19-1) ...
#15 426.5 Setting up libvidstab1.1:amd64 (1.1.0-2+b2) ...
#15 426.5 Setting up libvpx9:amd64 (1.15.0-2.1+deb13u1) ...
#15 426.6 Setting up libflite1:amd64 (2.2-7) ...
#15 426.6 Setting up libdav1d7:amd64 (1.5.1-1) ...
#15 426.6 Setting up perl-modules-5.40 (5.40.1-6) ...
#15 426.6 Setting up ocl-icd-libopencl1:amd64 (2.3.3-1) ...
#15 426.7 Setting up libasyncns0:amd64 (0.8-6+b5) ...
#15 426.7 Setting up libxshmfence1:amd64 (1.3.3-1) ...
#15 426.7 Setting up libhwasan0:amd64 (14.2.0-19) ...
#15 426.7 Setting up libcrypt-dev:amd64 (1:4.4.38-1) ...
#15 426.8 Setting up libtiff6:amd64 (4.7.0-3+deb13u1) ...
#15 426.8 Setting up libbs2b0:amd64 (3.1.0+dfsg-8+b1) ...
#15 426.8 Setting up libxcb-randr0:amd64 (1.17.0-2+b1) ...
#15 426.9 Setting up librav1e0.7:amd64 (0.7.1-9+b2) ...
#15 426.9 Setting up libasan8:amd64 (14.2.0-19) ...
#15 426.9 Setting up libtasn1-6:amd64 (4.20.0-2) ...
#15 426.9 Setting up libzimg2:amd64 (3.0.5+ds1-1+b2) ...
#15 427.0 Setting up libopenjp2-7:amd64 (2.5.3-2.1~deb13u1) ...
#15 427.0 Setting up libx11-6:amd64 (2:1.8.12-1) ...
#15 427.0 Setting up libopenal-data (1:1.24.2-1) ...
#15 427.0 Setting up libthai-data (0.1.29-2) ...
#15 427.1 Setting up libkrb5-3:amd64 (1.21.3-5) ...
#15 427.1 Setting up libunibreak6:amd64 (6.1-3) ...
#15 427.1 Setting up libwayland-egl1:amd64 (1.23.1-3) ...
#15 427.1 Setting up libusb-1.0-0:amd64 (2:1.0.28-1) ...
#15 427.2 Setting up libmbedcrypto16:amd64 (3.6.5-0.1~deb13u1) ...
#15 427.2 Setting up libssh2-1t64:amd64 (1.11.1-1) ...
#15 427.2 Setting up libtsan2:amd64 (14.2.0-19) ...
#15 427.3 Setting up libbinutils:amd64 (2.44-3) ...
#15 427.3 Setting up libisl23:amd64 (0.27-1) ...
#15 427.3 Setting up libc-dev-bin (2.41-12+deb13u2) ...
#15 427.3 Setting up libx265-215:amd64 (4.1-2) ...
#15 427.4 Setting up libsamplerate0:amd64 (0.2.2-4+b2) ...
#15 427.4 Setting up libwebpmux3:amd64 (1.5.0-0.1) ...
#15 427.4 Setting up libdrm-common (2.4.124-2) ...
#15 427.4 Setting up libjxl0.11:amd64 (0.11.1-4) ...
#15 427.5 Setting up libxml2:amd64 (2.12.7+dfsg+really2.9.14-2.1+deb13u2) ...
#15 427.5 Setting up libcc1-0:amd64 (14.2.0-19) ...
#15 427.5 Setting up libldap2:amd64 (2.6.10+dfsg-1) ...
#15 427.6 Setting up libzvbi-common (0.2.44-1) ...
#15 427.6 Setting up liblsan0:amd64 (14.2.0-19) ...
#15 427.6 Setting up libmp3lame0:amd64 (3.100-6+b3) ...
#15 427.6 Setting up libitm1:amd64 (14.2.0-19) ...
#15 427.7 Setting up libvorbisenc2:amd64 (1.3.7-3) ...
#15 427.7 Setting up libdvdnav4:amd64 (6.1.1-3+b1) ...
#15 427.7 Setting up libiec61883-0:amd64 (1.2.0-7) ...
#15 427.7 Setting up libserd-0-0:amd64 (0.32.4-1) ...
#15 427.8 Setting up libxkbcommon0:amd64 (1.7.0-2) ...
#15 427.8 Setting up libwayland-client0:amd64 (1.23.1-3) ...
#15 427.8 Setting up libctf0:amd64 (2.44-3) ...
#15 427.9 Setting up libavc1394-0:amd64 (0.5.4-5+b2) ...
#15 427.9 Setting up libxcb-dri3-0:amd64 (1.17.0-2+b1) ...
#15 427.9 Setting up libllvm19:amd64 (1:19.1.7-3+b1) ...
#15 427.9 Setting up libx11-xcb1:amd64 (2:1.8.12-1) ...
#15 428.0 Setting up liblapack3:amd64 (3.12.1-6) ...
#15 428.0 update-alternatives: using /usr/lib/x86_64-linux-gnu/lapack/liblapack.so.3 to provide /usr/lib/x86_64-linux-gnu/liblapack.so.3 (liblapack.so.3-x86_64-linux-gnu) in auto mode
#15 428.0 Setting up libcaca0:amd64 (0.99.beta20-5) ...
#15 428.0 Setting up libzvbi0t64:amd64 (0.2.44-1) ...
#15 428.1 Setting up libxrender1:amd64 (1:0.9.12-1) ...
#15 428.1 Setting up libsoxr0:amd64 (0.1.3-4+b2) ...
#15 428.1 Setting up fontconfig-config (2.15.0-2.3) ...
#15 428.2 debconf: unable to initialize frontend: Dialog
#15 428.2 debconf: (TERM is not set, so the dialog frontend is not usable.)
#15 428.2 debconf: falling back to frontend: Readline
#15 428.2 debconf: unable to initialize frontend: Readline
#15 428.2 debconf: (This frontend requires a controlling tty.)
#15 428.2 debconf: falling back to frontend: Teletype
#15 428.2 debconf: unable to initialize frontend: Teletype
#15 428.2 debconf: (This frontend requires a controlling tty.)
#15 428.2 debconf: falling back to frontend: Noninteractive
#15 428.2 Setting up libxext6:amd64 (2:1.3.4-1+b3) ...
#15 428.3 Setting up libidn2-0:amd64 (2.3.8-2) ...
#15 428.3 Setting up libopenal1:amd64 (1:1.24.2-1) ...
#15 428.3 Setting up libxxf86vm1:amd64 (1:1.1.4-1+b4) ...
#15 428.3 Setting up librist4:amd64 (0.2.11+dfsg-1) ...
#15 428.4 Setting up libperl5.40:amd64 (5.40.1-6) ...
#15 428.4 Setting up libthai0:amd64 (0.1.29-2+b1) ...
#15 428.4 Setting up libvorbisfile3:amd64 (1.3.7-3) ...
#15 428.4 Setting up perl (5.40.1-6) ...
#15 428.5 Setting up libglib2.0-0t64:amd64 (2.84.4-3~deb13u2) ...
#15 428.5 No schema files found: doing nothing.
#15 428.5 Setting up libgprofng0:amd64 (2.44-3) ...
#15 428.5 Setting up libfreetype6:amd64 (2.13.3+dfsg-1+deb13u1) ...
#15 428.6 Setting up libxfixes3:amd64 (1:6.0.0-2+b4) ...
#15 428.6 Setting up shared-mime-info (2.4-5+b2) ...
#15 433.1 Setting up libplacebo349:amd64 (7.349.0-3) ...
#15 433.1 Setting up libdc1394-25:amd64 (2.2.6-5) ...
#15 433.1 Setting up libxv1:amd64 (2:1.0.11-1.1+b3) ...
#15 433.1 Setting up libgssapi-krb5-2:amd64 (1.21.3-5) ...
#15 433.2 Setting up libxrandr2:amd64 (2:1.5.4-1+b3) ...
#15 433.2 Setting up cpp-14-x86-64-linux-gnu (14.2.0-19) ...
#15 433.2 Setting up libdpkg-perl (1.22.22) ...
#15 433.2 Setting up libssh-4:amd64 (0.11.2-1+deb13u1) ...
#15 433.3 Setting up cpp-14 (14.2.0-19) ...
#15 433.3 Setting up librubberband2:amd64 (3.3.0+dfsg-2+b3) ...
#15 433.3 Setting up libjack-jackd2-0:amd64 (1.9.22~dfsg-4) ...
#15 433.3 Setting up libdrm2:amd64 (2.4.124-2) ...
#15 433.4 Setting up libva-drm2:amd64 (2.22.0-3) ...
#15 433.4 Setting up libvdpau1:amd64 (1.5-3+b1) ...
#15 433.4 Setting up libsord-0-0:amd64 (0.16.18-1) ...
#15 433.5 Setting up libwayland-cursor0:amd64 (1.23.1-3) ...
#15 433.5 Setting up libsratom-0-0:amd64 (0.6.18-1) ...
#15 433.5 Setting up libdecor-0-0:amd64 (0.2.2-2) ...
#15 433.5 Setting up libc6-dev:amd64 (2.41-12+deb13u2) ...
#15 433.6 Setting up libharfbuzz0b:amd64 (10.2.0-1+b1) ...
#15 433.6 Setting up libgdk-pixbuf-2.0-0:amd64 (2.42.12+dfsg-4) ...
#15 433.6 Setting up libxss1:amd64 (1:1.2.3-1+b3) ...
#15 433.7 Setting up libfontconfig1:amd64 (2.15.0-2.3) ...
#15 433.7 Setting up libsndfile1:amd64 (1.2.2-2+deb13u1) ...
#15 433.7 Setting up libgcc-14-dev:amd64 (14.2.0-19) ...
#15 433.8 Setting up libbluray2:amd64 (1:1.3.4-1+b2) ...
#15 433.8 Setting up libva-x11-2:amd64 (2.22.0-3) ...
#15 433.8 Setting up libstdc++-14-dev:amd64 (14.2.0-19) ...
#15 433.8 Setting up liblilv-0-0:amd64 (0.24.26-1) ...
#15 433.9 Setting up libopenmpt0t64:amd64 (0.7.13-1+b1) ...
#15 433.9 Setting up binutils-x86-64-linux-gnu (2.44-3) ...
#15 433.9 Setting up libdrm-amdgpu1:amd64 (2.4.124-2) ...
#15 434.0 Setting up cpp-x86-64-linux-gnu (4:14.2.0-1) ...
#15 434.0 Setting up libgnutls30t64:amd64 (3.8.9-3+deb13u2) ...
#15 434.0 Setting up fontconfig (2.15.0-2.3) ...
#15 434.0 Regenerating fonts cache... done.
#15 436.1 Setting up libzmq5:amd64 (4.3.5-1+b3) ...
#15 436.1 Setting up libxi6:amd64 (2:1.8.2-1) ...
#15 436.1 Setting up libpulse0:amd64 (17.0+dfsg1-2+b1) ...
#15 436.2 Setting up libxcursor1:amd64 (1:1.2.3-1) ...
#15 436.2 Setting up libpango-1.0-0:amd64 (1.56.3-1) ...
#15 436.2 Setting up libdrm-intel1:amd64 (2.4.124-2) ...
#15 436.2 Setting up libpsl5t64:amd64 (0.21.2-1.1+b1) ...
#15 436.3 Setting up libpq5:amd64 (17.9-0+deb13u1) ...
#15 436.3 Setting up libpq-dev (17.9-0+deb13u1) ...
#15 436.3 Setting up binutils (2.44-3) ...
#15 436.4 Setting up libavutil59:amd64 (7:7.1.3-0+deb13u1) ...
#15 436.4 Setting up libcairo2:amd64 (1.18.4-1+b1) ...
#15 436.4 Setting up dpkg-dev (1.22.22) ...
#15 436.5 Setting up libpostproc58:amd64 (7:7.1.3-0+deb13u1) ...
#15 436.5 Setting up libsphinxbase3t64:amd64 (0.8+5prealpha+1-21+b1) ...
#15 436.6 Setting up libswresample5:amd64 (7:7.1.3-0+deb13u1) ...
#15 436.6 Setting up libswscale8:amd64 (7:7.1.3-0+deb13u1) ...
#15 436.6 Setting up libass9:amd64 (1:0.17.3-1+b1) ...
#15 436.6 Setting up libtheoradec1:amd64 (1.2.0~alpha1+dfsg-6) ...
#15 436.7 Setting up librtmp1:amd64 (2.4+20151223.gitfa8646d.1-2+b5) ...
#15 436.7 Setting up libsrt1.5-gnutls:amd64 (1.5.4-1) ...
#15 436.7 Setting up cpp (4:14.2.0-1) ...
#15 436.8 Setting up libcairo-gobject2:amd64 (1.18.4-1+b1) ...
#15 436.8 Setting up gcc-14-x86-64-linux-gnu (14.2.0-19) ...
#15 436.8 Setting up libpangoft2-1.0-0:amd64 (1.56.3-1) ...
#15 436.9 Setting up libpangocairo-1.0-0:amd64 (1.56.3-1) ...
#15 436.9 Setting up mesa-libgallium:amd64 (25.0.7-2) ...
#15 436.9 Setting up gcc-x86-64-linux-gnu (4:14.2.0-1) ...
#15 436.9 Setting up libcurl4t64:amd64 (8.14.1-2+deb13u2) ...
#15 437.0 Setting up libgbm1:amd64 (25.0.7-2) ...
#15 437.0 Setting up libgl1-mesa-dri:amd64 (25.0.7-2) ...
#15 437.0 Setting up gcc-14 (14.2.0-19) ...
#15 437.1 Setting up librsvg2-2:amd64 (2.60.0+dfsg-1) ...
#15 437.1 Setting up libpocketsphinx3:amd64 (0.8+5prealpha+1-15+b4) ...
#15 437.1 Setting up libavcodec61:amd64 (7:7.1.3-0+deb13u1) ...
#15 437.2 Setting up g++-14-x86-64-linux-gnu (14.2.0-19) ...
#15 437.2 Setting up g++-x86-64-linux-gnu (4:14.2.0-1) ...
#15 437.2 Setting up curl (8.14.1-2+deb13u2) ...
#15 437.2 Setting up g++-14 (14.2.0-19) ...
#15 437.3 Setting up libsdl2-2.0-0:amd64 (2.32.4+dfsg-1) ...
#15 437.3 Setting up libglx-mesa0:amd64 (25.0.7-2) ...
#15 437.3 Setting up libglx0:amd64 (1.7.0-1+b2) ...
#15 437.5 Setting up libavformat61:amd64 (7:7.1.3-0+deb13u1) ...
#15 437.5 Setting up gcc (4:14.2.0-1) ...
#15 437.5 Setting up libgl1:amd64 (1.7.0-1+b2) ...
#15 437.6 Setting up libavfilter10:amd64 (7:7.1.3-0+deb13u1) ...
#15 437.6 Setting up g++ (4:14.2.0-1) ...
#15 437.6 update-alternatives: using /usr/bin/g++ to provide /usr/bin/c++ (c++) in auto mode
#15 437.7 Setting up build-essential (12.12) ...
#15 437.7 Setting up libavdevice61:amd64 (7:7.1.3-0+deb13u1) ...
#15 437.7 Setting up ffmpeg (7:7.1.3-0+deb13u1) ...
#15 437.7 Processing triggers for libc-bin (2.41-12+deb13u2) ...
#15 DONE 438.2s

#25 [backend 4/8] RUN mkdir -p /app/output/videos/audio /app/output/videos/shorts /app/output/videos/presenter /app/output/videos/avatars /app/output/videos/thumbnails /app/assets
#25 DONE 0.5s

#26 [backend 5/8] COPY requirements.txt .
#26 DONE 0.1s

#27 [backend 6/8] RUN pip install --no-cache-dir -r requirements.txt
#27 1.693 Looking in indexes: https://pypi.org/simple, https://download.pytorch.org/whl/cpu
#27 2.935 Collecting fastapi>=0.115.0 (from -r requirements.txt (line 3))
#27 3.078   Downloading fastapi-0.135.2-py3-none-any.whl.metadata (28 kB)
#27 4.074 Collecting uvicorn==0.27.0 (from uvicorn[standard]==0.27.0->-r requirements.txt (line 4))
#27 4.086   Downloading uvicorn-0.27.0-py3-none-any.whl.metadata (6.4 kB)
#27 4.721 Collecting python-multipart==0.0.6 (from -r requirements.txt (line 5))
#27 4.730   Downloading python_multipart-0.0.6-py3-none-any.whl.metadata (2.5 kB)
#27 5.989 Collecting sqlalchemy==2.0.25 (from -r requirements.txt (line 8))
#27 6.005   Downloading SQLAlchemy-2.0.25-cp312-cp312-manylinux_2_17_x86_64.manylinux2014_x86_64.whl.metadata (9.6 kB)
#27 6.719 Collecting alembic==1.13.1 (from -r requirements.txt (line 9))
#27 6.997   Downloading alembic-1.13.1-py3-none-any.whl.metadata (7.4 kB)
#27 7.743 Collecting psycopg2-binary==2.9.9 (from -r requirements.txt (line 10))
#27 7.758   Downloading psycopg2_binary-2.9.9-cp312-cp312-manylinux_2_17_x86_64.manylinux2014_x86_64.whl.metadata (4.4 kB)
#27 8.448 Collecting asyncpg==0.29.0 (from -r requirements.txt (line 11))
#27 8.457   Downloading asyncpg-0.29.0-cp312-cp312-manylinux_2_17_x86_64.manylinux2014_x86_64.whl.metadata (4.4 kB)
#27 9.113 Collecting neo4j==5.16.0 (from -r requirements.txt (line 14))
#27 9.132   Downloading neo4j-5.16.0.tar.gz (197 kB)
#27 9.391   Installing build dependencies: started
#27 13.61   Installing build dependencies: finished with status 'done'
#27 13.61   Getting requirements to build wheel: started
#27 14.52   Getting requirements to build wheel: finished with status 'done'
#27 14.52   Preparing metadata (pyproject.toml): started
#27 15.35   Preparing metadata (pyproject.toml): finished with status 'done'
#27 15.99 Collecting redis==5.0.1 (from -r requirements.txt (line 17))
#27 16.00   Downloading redis-5.0.1-py3-none-any.whl.metadata (8.9 kB)
#27 16.65 Collecting python-jose==3.3.0 (from python-jose[cryptography]==3.3.0->-r requirements.txt (line 20))
#27 16.66   Downloading python_jose-3.3.0-py2.py3-none-any.whl.metadata (5.4 kB)
#27 16.90 Collecting passlib==1.7.4 (from passlib[bcrypt]==1.7.4->-r requirements.txt (line 21))
#27 16.91   Downloading passlib-1.7.4-py2.py3-none-any.whl.metadata (1.7 kB)
#27 17.55 Collecting python-dotenv==1.0.0 (from -r requirements.txt (line 22))
#27 17.56   Downloading python_dotenv-1.0.0-py3-none-any.whl.metadata (21 kB)
#27 18.23 Collecting croniter>=1.0.0 (from -r requirements.txt (line 23))
#27 18.26   Downloading croniter-6.2.2-py3-none-any.whl.metadata (22 kB)
#27 19.26 Collecting httpx>=0.27.0 (from -r requirements.txt (line 26))
#27 19.29   Downloading httpx-0.28.1-py3-none-any.whl.metadata (7.1 kB)
#27 24.88 Collecting aiohttp==3.9.1 (from -r requirements.txt (line 27))
#27 24.90   Downloading aiohttp-3.9.1-cp312-cp312-manylinux_2_17_x86_64.manylinux2014_x86_64.whl.metadata (7.4 kB)
#27 25.57 Collecting feedparser==6.0.11 (from -r requirements.txt (line 28))
#27 25.60   Downloading feedparser-6.0.11-py3-none-any.whl.metadata (2.4 kB)
#27 26.86 Collecting spacy==3.7.2 (from -r requirements.txt (line 32))
#27 26.88   Downloading spacy-3.7.2-cp312-cp312-manylinux_2_17_x86_64.manylinux2014_x86_64.whl.metadata (25 kB)
#27 27.65 Collecting transformers==4.36.2 (from -r requirements.txt (line 33))
#27 27.68   Downloading transformers-4.36.2-py3-none-any.whl.metadata (126 kB)
#27 29.60 Collecting torch>=2.2.0 (from -r requirements.txt (line 34))
#27 29.66   Downloading https://download.pytorch.org/whl/cpu/torch-2.11.0%2Bcpu-cp312-cp312-manylinux_2_28_x86_64.whl.metadata (29 kB)
#27 29.91 Collecting google-generativeai==0.3.2 (from -r requirements.txt (line 35))
#27 29.92   Downloading google_generativeai-0.3.2-py3-none-any.whl.metadata (5.9 kB)
#27 30.96 Collecting pydantic>=2.0.0 (from -r requirements.txt (line 38))
#27 30.97   Downloading pydantic-2.12.5-py3-none-any.whl.metadata (90 kB)
#27 30.11 Collecting pydantic-settings>=2.0.0 (from -r requirements.txt (line 39))
#27 30.12   Downloading pydantic_settings-2.13.1-py3-none-any.whl.metadata (3.4 kB)
#27 30.92 Collecting pandas==2.1.4 (from -r requirements.txt (line 40))
#27 30.92   Downloading pandas-2.1.4-cp312-cp312-manylinux_2_17_x86_64.manylinux2014_x86_64.whl.metadata (18 kB)
#27 33.43 Collecting numpy==1.26.3 (from -r requirements.txt (line 41))
#27 33.45   Downloading numpy-1.26.3-cp312-cp312-manylinux_2_17_x86_64.manylinux2014_x86_64.whl.metadata (61 kB)
#27 34.16 Collecting chromadb>=0.6.0 (from -r requirements.txt (line 42))
#27 34.18   Downloading chromadb-1.5.5-cp39-abi3-manylinux_2_17_x86_64.manylinux2014_x86_64.whl.metadata (7.2 kB)
#27 34.62 Collecting reportlab==4.0.9 (from -r requirements.txt (line 45))
#27 34.63   Downloading reportlab-4.0.9-py3-none-any.whl.metadata (1.4 kB)
#27 35.29 Collecting weasyprint==60.2 (from -r requirements.txt (line 46))
#27 35.31   Downloading weasyprint-60.2-py3-none-any.whl.metadata (3.7 kB)
#27 36.04 Collecting celery==5.3.6 (from -r requirements.txt (line 49))
#27 36.05   Downloading celery-5.3.6-py3-none-any.whl.metadata (21 kB)
#27 36.80 Collecting structlog==24.1.0 (from -r requirements.txt (line 52))
#27 36.84   Downloading structlog-24.1.0-py3-none-any.whl.metadata (6.9 kB)
#27 37.49 Collecting prometheus-client==0.19.0 (from -r requirements.txt (line 53))
#27 37.50   Downloading prometheus_client-0.19.0-py3-none-any.whl.metadata (1.8 kB)
#27 37.78 Collecting pytest==7.4.4 (from -r requirements.txt (line 56))
#27 37.79   Downloading pytest-7.4.4-py3-none-any.whl.metadata (7.9 kB)
#27 38.48 Collecting black==24.1.1 (from -r requirements.txt (line 60))
#27 38.49   Downloading black-24.1.1-cp312-cp312-manylinux_2_17_x86_64.manylinux2014_x86_64.whl.metadata (73 kB)
#27 39.27 Collecting isort==5.13.2 (from -r requirements.txt (line 61))
#27 39.29   Downloading isort-5.13.2-py3-none-any.whl.metadata (12 kB)
#27 39.97 Collecting flake8==7.0.0 (from -r requirements.txt (line 62))
#27 39.99   Downloading flake8-7.0.0-py2.py3-none-any.whl.metadata (3.8 kB)
#27 41.13 Collecting mypy==1.8.0 (from -r requirements.txt (line 63))
#27 41.14   Downloading mypy-1.8.0-cp312-cp312-manylinux_2_17_x86_64.manylinux2014_x86_64.whl.metadata (1.8 kB)
#27 41.83 Collecting gTTS>=2.5.0 (from -r requirements.txt (line 66))
#27 41.84   Downloading gTTS-2.5.4-py3-none-any.whl.metadata (4.1 kB)
#27 42.50 Collecting pydub>=0.25.1 (from -r requirements.txt (line 67))
#27 42.51   Downloading pydub-0.25.1-py2.py3-none-any.whl.metadata (1.4 kB)
#27 43.20 Collecting elevenlabs>=1.0.0 (from -r requirements.txt (line 68))
#27 43.21   Downloading elevenlabs-2.40.0-py3-none-any.whl.metadata (9.5 kB)
#27 43.89 Collecting edge-tts>=6.1.0 (from -r requirements.txt (line 69))
#27 43.90   Downloading edge_tts-7.2.8-py3-none-any.whl.metadata (5.5 kB)
#27 44.53 Collecting piper-tts>=1.3.0 (from -r requirements.txt (line 70))
#27 44.55   Downloading piper_tts-1.4.1-cp39-abi3-manylinux_2_17_x86_64.manylinux2014_x86_64.manylinux_2_28_x86_64.whl.metadata (2.3 kB)
#27 45.21 Collecting moviepy>=2.0.0 (from -r requirements.txt (line 73))
#27 45.22   Downloading moviepy-2.2.1-py3-none-any.whl.metadata (6.9 kB)
#27 48.66 Collecting Pillow>=10.0.0 (from -r requirements.txt (line 74))
#27 48.68   Downloading pillow-12.1.1-cp312-cp312-manylinux_2_27_x86_64.manylinux_2_28_x86_64.whl.metadata (8.8 kB)
#27 49.38 Collecting beautifulsoup4>=4.12.0 (from -r requirements.txt (line 77))
#27 49.39   Downloading beautifulsoup4-4.14.3-py3-none-any.whl.metadata (3.8 kB)
#27 51.32 Collecting cryptography>=42.0.0 (from -r requirements.txt (line 80))
#27 51.33   Downloading cryptography-46.0.6-cp311-abi3-manylinux_2_34_x86_64.whl.metadata (5.7 kB)
#27 52.01 Collecting tweepy>=4.14.0 (from -r requirements.txt (line 83))
#27 52.03   Downloading tweepy-4.16.0-py3-none-any.whl.metadata (3.3 kB)
#27 52.75 Collecting click>=7.0 (from uvicorn==0.27.0->uvicorn[standard]==0.27.0->-r requirements.txt (line 4))
#27 52.77   Downloading click-8.3.1-py3-none-any.whl.metadata (2.6 kB)
#27 53.41 Collecting h11>=0.8 (from uvicorn==0.27.0->uvicorn[standard]==0.27.0->-r requirements.txt (line 4))
#27 53.42   Downloading h11-0.16.0-py3-none-any.whl.metadata (8.3 kB)
#27 54.09 Collecting typing-extensions>=4.6.0 (from sqlalchemy==2.0.25->-r requirements.txt (line 8))
#27 54.10   Downloading https://download.pytorch.org/whl/typing_extensions-4.15.0-py3-none-any.whl.metadata (3.3 kB)
#27 55.44 Collecting greenlet!=0.4.17 (from sqlalchemy==2.0.25->-r requirements.txt (line 8))
#27 55.47   Downloading greenlet-3.3.2-cp312-cp312-manylinux_2_24_x86_64.manylinux_2_28_x86_64.whl.metadata (3.7 kB)
#27 56.17 Collecting Mako (from alembic==1.13.1->-r requirements.txt (line 9))
#27 56.18   Downloading mako-1.3.10-py3-none-any.whl.metadata (2.9 kB)
#27 56.97 Collecting pytz (from neo4j==5.16.0->-r requirements.txt (line 14))
#27 56.98   Downloading pytz-2026.1.post1-py2.py3-none-any.whl.metadata (22 kB)
#27 57.69 Collecting ecdsa!=0.15 (from python-jose==3.3.0->python-jose[cryptography]==3.3.0->-r requirements.txt (line 20))
#27 57.70   Downloading ecdsa-0.19.2-py2.py3-none-any.whl.metadata (29 kB)
#27 58.38 Collecting rsa (from python-jose==3.3.0->python-jose[cryptography]==3.3.0->-r requirements.txt (line 20))
#27 58.40   Downloading rsa-4.9.1-py3-none-any.whl.metadata (5.6 kB)
#27 59.13 Collecting pyasn1 (from python-jose==3.3.0->python-jose[cryptography]==3.3.0->-r requirements.txt (line 20))
#27 59.15   Downloading pyasn1-0.6.3-py3-none-any.whl.metadata (8.4 kB)
#27 59.15 Collecting attrs>=17.3.0 (from aiohttp==3.9.1->-r requirements.txt (line 27))
#27 59.17   Downloading attrs-26.1.0-py3-none-any.whl.metadata (8.8 kB)
#27 61.28 Collecting multidict<7.0,>=4.5 (from aiohttp==3.9.1->-r requirements.txt (line 27))
#27 61.29   Downloading multidict-6.7.1-cp312-cp312-manylinux2014_x86_64.manylinux_2_17_x86_64.manylinux_2_28_x86_64.whl.metadata (5.3 kB)
#27 62.55 Collecting yarl<2.0,>=1.0 (from aiohttp==3.9.1->-r requirements.txt (line 27))
#27 62.56   Downloading yarl-1.23.0-cp312-cp312-manylinux2014_x86_64.manylinux_2_17_x86_64.manylinux_2_28_x86_64.whl.metadata (79 kB)
#27 63.52 Collecting frozenlist>=1.1.1 (from aiohttp==3.9.1->-r requirements.txt (line 27))
#27 63.53   Downloading frozenlist-1.8.0-cp312-cp312-manylinux1_x86_64.manylinux_2_28_x86_64.manylinux_2_5_x86_64.whl.metadata (20 kB)
#27 64.20 Collecting aiosignal>=1.1.2 (from aiohttp==3.9.1->-r requirements.txt (line 27))
#27 64.21   Downloading aiosignal-1.4.0-py3-none-any.whl.metadata (3.7 kB)
#27 64.86 Collecting sgmllib3k (from feedparser==6.0.11->-r requirements.txt (line 28))
#27 64.88   Downloading sgmllib3k-1.0.0.tar.gz (5.8 kB)
#27 64.89   Installing build dependencies: started
#27 68.43   Installing build dependencies: finished with status 'done'
#27 68.43   Getting requirements to build wheel: started
#27 68.89   Getting requirements to build wheel: finished with status 'done'
#27 68.90   Preparing metadata (pyproject.toml): started
#27 69.42   Preparing metadata (pyproject.toml): finished with status 'done'
#27 70.05 Collecting spacy-legacy<3.1.0,>=3.0.11 (from spacy==3.7.2->-r requirements.txt (line 32))
#27 70.06   Downloading spacy_legacy-3.0.12-py2.py3-none-any.whl.metadata (2.8 kB)
#27 70.70 Collecting spacy-loggers<2.0.0,>=1.0.0 (from spacy==3.7.2->-r requirements.txt (line 32))
#27 70.71   Downloading spacy_loggers-1.0.5-py3-none-any.whl.metadata (23 kB)
#27 71.46 Collecting murmurhash<1.1.0,>=0.28.0 (from spacy==3.7.2->-r requirements.txt (line 32))
#27 71.48   Downloading murmurhash-1.0.15-cp312-cp312-manylinux1_x86_64.manylinux2014_x86_64.manylinux_2_17_x86_64.manylinux_2_5_x86_64.whl.metadata (2.3 kB)
#27 72.24 Collecting cymem<2.1.0,>=2.0.2 (from spacy==3.7.2->-r requirements.txt (line 32))
#27 72.25   Downloading cymem-2.0.13-cp312-cp312-manylinux2014_x86_64.manylinux_2_17_x86_64.whl.metadata (9.7 kB)
#27 75.64 Collecting preshed<3.1.0,>=3.0.2 (from spacy==3.7.2->-r requirements.txt (line 32))
#27 75.65   Downloading preshed-3.0.13-cp312-cp312-manylinux2014_x86_64.manylinux_2_17_x86_64.whl.metadata (5.2 kB)
#27 78.03 Collecting thinc<8.3.0,>=8.1.8 (from spacy==3.7.2->-r requirements.txt (line 32))
#27 78.03   Downloading thinc-8.2.5-cp312-cp312-manylinux_2_17_x86_64.manylinux2014_x86_64.whl.metadata (15 kB)
#27 78.76 Collecting wasabi<1.2.0,>=0.9.1 (from spacy==3.7.2->-r requirements.txt (line 32))
#27 78.77   Downloading wasabi-1.1.3-py3-none-any.whl.metadata (28 kB)
#27 80.05 Collecting srsly<3.0.0,>=2.4.3 (from spacy==3.7.2->-r requirements.txt (line 32))
#27 80.07   Downloading srsly-2.5.3-cp312-cp312-manylinux2014_x86_64.manylinux_2_17_x86_64.whl.metadata (19 kB)
#27 80.73 Collecting catalogue<2.1.0,>=2.0.6 (from spacy==3.7.2->-r requirements.txt (line 32))
#27 80.75   Downloading catalogue-2.0.10-py3-none-any.whl.metadata (14 kB)
#27 81.42 Collecting weasel<0.4.0,>=0.1.0 (from spacy==3.7.2->-r requirements.txt (line 32))
#27 81.43   Downloading weasel-0.3.4-py3-none-any.whl.metadata (4.7 kB)
#27 82.17 Collecting typer<0.10.0,>=0.3.0 (from spacy==3.7.2->-r requirements.txt (line 32))
#27 82.42   Downloading typer-0.9.4-py3-none-any.whl.metadata (14 kB)
#27 83.15 Collecting smart-open<7.0.0,>=5.2.1 (from spacy==3.7.2->-r requirements.txt (line 32))
#27 83.18   Downloading smart_open-6.4.0-py3-none-any.whl.metadata (21 kB)
#27 83.99 Collecting tqdm<5.0.0,>=4.38.0 (from spacy==3.7.2->-r requirements.txt (line 32))
#27 84.00   Downloading tqdm-4.67.3-py3-none-any.whl.metadata (57 kB)
#27 84.86 Collecting requests<3.0.0,>=2.13.0 (from spacy==3.7.2->-r requirements.txt (line 32))
#27 84.88   Downloading requests-2.33.0-py3-none-any.whl.metadata (5.1 kB)
#27 85.61 Collecting jinja2 (from spacy==3.7.2->-r requirements.txt (line 32))
#27 86.13   Downloading https://download.pytorch.org/whl/jinja2-3.1.6-py3-none-any.whl.metadata (2.9 kB)
#27 87.73 Collecting setuptools (from spacy==3.7.2->-r requirements.txt (line 32))
#27 87.75   Downloading setuptools-82.0.1-py3-none-any.whl.metadata (6.5 kB)
#27 88.43 Collecting packaging>=20.0 (from spacy==3.7.2->-r requirements.txt (line 32))
#27 88.45   Downloading packaging-26.0-py3-none-any.whl.metadata (3.3 kB)
#27 87.79 Collecting langcodes<4.0.0,>=3.2.0 (from spacy==3.7.2->-r requirements.txt (line 32))
#27 87.80   Downloading langcodes-3.5.1-py3-none-any.whl.metadata (30 kB)
#27 87.90 Collecting filelock (from transformers==4.36.2->-r requirements.txt (line 33))
#27 87.91   Downloading filelock-3.25.2-py3-none-any.whl.metadata (2.0 kB)
#27 88.70 Collecting huggingface-hub<1.0,>=0.19.3 (from transformers==4.36.2->-r requirements.txt (line 33))
#27 88.71   Downloading huggingface_hub-0.36.2-py3-none-any.whl.metadata (15 kB)
#27 89.62 Collecting pyyaml>=5.1 (from transformers==4.36.2->-r requirements.txt (line 33))
#27 89.64   Downloading pyyaml-6.0.3-cp312-cp312-manylinux2014_x86_64.manylinux_2_17_x86_64.manylinux_2_28_x86_64.whl.metadata (2.4 kB)
#27 91.59 Collecting regex!=2019.12.17 (from transformers==4.36.2->-r requirements.txt (line 33))
#27 91.62   Downloading regex-2026.2.28-cp312-cp312-manylinux2014_x86_64.manylinux_2_17_x86_64.manylinux_2_28_x86_64.whl.metadata (40 kB)
#27 92.65 Collecting tokenizers<0.19,>=0.14 (from transformers==4.36.2->-r requirements.txt (line 33))
#27 92.66   Downloading tokenizers-0.15.2-cp312-cp312-manylinux_2_17_x86_64.manylinux2014_x86_64.whl.metadata (6.7 kB)
#27 93.82 Collecting safetensors>=0.3.1 (from transformers==4.36.2->-r requirements.txt (line 33))
#27 93.84   Downloading safetensors-0.7.0-cp38-abi3-manylinux_2_17_x86_64.manylinux2014_x86_64.whl.metadata (4.1 kB)
#27 95.27 Collecting google-ai-generativelanguage==0.4.0 (from google-generativeai==0.3.2->-r requirements.txt (line 35))
#27 95.29   Downloading google_ai_generativelanguage-0.4.0-py3-none-any.whl.metadata (5.1 kB)
#27 96.17 Collecting google-auth (from google-generativeai==0.3.2->-r requirements.txt (line 35))
#27 96.18   Downloading google_auth-2.49.1-py3-none-any.whl.metadata (6.2 kB)
#27 97.07 Collecting google-api-core (from google-generativeai==0.3.2->-r requirements.txt (line 35))
#27 97.08   Downloading google_api_core-2.30.0-py3-none-any.whl.metadata (3.1 kB)
#27 98.27 Collecting protobuf (from google-generativeai==0.3.2->-r requirements.txt (line 35))
#27 98.29   Downloading protobuf-7.34.1-cp310-abi3-manylinux2014_x86_64.whl.metadata (595 bytes)
#27 99.02 Collecting python-dateutil>=2.8.2 (from pandas==2.1.4->-r requirements.txt (line 40))
#27 99.83   Downloading python_dateutil-2.9.0.post0-py2.py3-none-any.whl.metadata (8.4 kB)
#27 100.6 Collecting tzdata>=2022.1 (from pandas==2.1.4->-r requirements.txt (line 40))
#27 100.7   Downloading tzdata-2025.3-py2.py3-none-any.whl.metadata (1.4 kB)
#27 101.6 Collecting chardet (from reportlab==4.0.9->-r requirements.txt (line 45))
#27 101.6   Downloading chardet-7.4.0.post1-cp312-cp312-manylinux2014_x86_64.manylinux_2_17_x86_64.manylinux_2_28_x86_64.whl.metadata (8.0 kB)
#27 102.3 Collecting pydyf>=0.8.0 (from weasyprint==60.2->-r requirements.txt (line 46))
#27 102.4   Downloading pydyf-0.12.1-py3-none-any.whl.metadata (2.5 kB)
#27 104.5 Collecting cffi>=0.6 (from weasyprint==60.2->-r requirements.txt (line 46))
#27 104.6   Downloading cffi-2.0.0-cp312-cp312-manylinux2014_x86_64.manylinux_2_17_x86_64.whl.metadata (2.6 kB)
#27 105.4 Collecting html5lib>=1.1 (from weasyprint==60.2->-r requirements.txt (line 46))
#27 105.6   Downloading html5lib-1.1-py2.py3-none-any.whl.metadata (16 kB)
#27 106.6 Collecting tinycss2>=1.0.0 (from weasyprint==60.2->-r requirements.txt (line 46))
#27 106.6   Downloading tinycss2-1.5.1-py3-none-any.whl.metadata (3.0 kB)
#27 107.3 Collecting cssselect2>=0.1 (from weasyprint==60.2->-r requirements.txt (line 46))
#27 107.6   Downloading cssselect2-0.9.0-py3-none-any.whl.metadata (2.9 kB)
#27 109.2 Collecting Pyphen>=0.9.1 (from weasyprint==60.2->-r requirements.txt (line 46))
#27 109.2   Downloading pyphen-0.17.2-py3-none-any.whl.metadata (3.2 kB)
#27 137.8 WARNING: Retrying (Retry(total=4, connect=None, read=None, redirect=None, status=None)) after connection broken by 'ReadTimeoutError("HTTPSConnectionPool(host='download.pytorch.org', port=443): Read timed out. (read timeout=15)")': /whl/cpu/fonttools/
#27 139.1 INFO: pip is looking at multiple versions of weasyprint to determine which version is compatible with other requirements. This could take a while.
#27 139.1 ERROR: Could not find a version that satisfies the requirement fonttools>=4.0.0 (from weasyprint) (from versions: none)
#27 139.3 
#27 139.3 [notice] A new release of pip is available: 25.0.1 -> 26.0.1
#27 139.3 [notice] To update, run: pip install --upgrade pip
#27 139.3 ERROR: No matching distribution found for fonttools>=4.0.0
#27 ERROR: process "/bin/sh -c pip install --no-cache-dir -r requirements.txt" did not complete successfully: exit code: 1
------
 > [backend 6/8] RUN pip install --no-cache-dir -r requirements.txt:
107.6   Downloading cssselect2-0.9.0-py3-none-any.whl.metadata (2.9 kB)
109.2 Collecting Pyphen>=0.9.1 (from weasyprint==60.2->-r requirements.txt (line 46))
109.2   Downloading pyphen-0.17.2-py3-none-any.whl.metadata (3.2 kB)
137.8 WARNING: Retrying (Retry(total=4, connect=None, read=None, redirect=None, status=None)) after connection broken by 'ReadTimeoutError("HTTPSConnectionPool(host='download.pytorch.org', port=443): Read timed out. (read timeout=15)")': /whl/cpu/fonttools/
139.1 INFO: pip is looking at multiple versions of weasyprint to determine which version is compatible with other requirements. This could take a while.
139.1 ERROR: Could not find a version that satisfies the requirement fonttools>=4.0.0 (from weasyprint) (from versions: none)
139.3 
139.3 [notice] A new release of pip is available: 25.0.1 -> 26.0.1
139.3 [notice] To update, run: pip install --upgrade pip
139.3 ERROR: No matching distribution found for fonttools>=4.0.0
------
Dockerfile:27

--------------------

  25 |     # Install Python dependencies

  26 |     COPY requirements.txt .

  27 | >>> RUN pip install --no-cache-dir -r requirements.txt

  28 |     

  29 |     # Copy project files

--------------------

target backend: failed to solve: process "/bin/sh -c pip install --no-cache-dir -r requirements.txt" did not complete successfully: exit code: 1



View build details: docker-desktop://dashboard/build/default/default/gyfp7733mv8ha0qgzba2fpq2j

